
Root grid = 2 x 1 x 1 MeshBlocks
Total number of MeshBlocks = 16
Number of logical  levels of refinement = 2 (3 levels total)
Number of physical levels of refinement = 1 (2 levels total)
Number of parallel ranks = 16
  Rank = 0: 1 MeshBlocks, cost = 1
  Rank = 1: 1 MeshBlocks, cost = 1
  Rank = 2: 1 MeshBlocks, cost = 1
  Rank = 3: 1 MeshBlocks, cost = 1
  Rank = 4: 1 MeshBlocks, cost = 1
  Rank = 5: 1 MeshBlocks, cost = 1
  Rank = 6: 1 MeshBlocks, cost = 1
  Rank = 7: 1 MeshBlocks, cost = 1
  Rank = 8: 1 MeshBlocks, cost = 1
  Rank = 9: 1 MeshBlocks, cost = 1
  Rank = 10: 1 MeshBlocks, cost = 1
  Rank = 11: 1 MeshBlocks, cost = 1
  Rank = 12: 1 MeshBlocks, cost = 1
  Rank = 13: 1 MeshBlocks, cost = 1
  Rank = 14: 1 MeshBlocks, cost = 1
  Rank = 15: 1 MeshBlocks, cost = 1
Load Balancing:
  Maximum normalized cost = 1, Average = 1

Setup complete, executing task list(s)...

elapsed=3.475466e+00 cycle=0 time=0.000000e+00 dt=6.810412e-04
elapsed=5.010065e+02 cycle=1000 time=7.276167e-01 dt=7.127078e-04
elapsed=1.002050e+03 cycle=2000 time=1.440274e+00 dt=7.126607e-04
elapsed=1.500967e+03 cycle=3000 time=2.152936e+00 dt=7.126634e-04
elapsed=1.993681e+03 cycle=4000 time=2.865597e+00 dt=7.126605e-04
elapsed=2.487840e+03 cycle=5000 time=3.578259e+00 dt=7.126624e-04
elapsed=2.981983e+03 cycle=6000 time=4.290922e+00 dt=7.126636e-04
elapsed=3.477087e+03 cycle=7000 time=5.003585e+00 dt=7.126624e-04
elapsed=3.968719e+03 cycle=8000 time=5.716248e+00 dt=7.126628e-04
elapsed=4.464576e+03 cycle=9000 time=6.428911e+00 dt=7.126641e-04
elapsed=4.960587e+03 cycle=10000 time=7.141575e+00 dt=7.126633e-04
elapsed=5.452781e+03 cycle=11000 time=7.854238e+00 dt=7.126627e-04
elapsed=5.947820e+03 cycle=12000 time=8.566901e+00 dt=7.126635e-04
elapsed=6.443103e+03 cycle=13000 time=9.279565e+00 dt=7.126637e-04
elapsed=6.935345e+03 cycle=14000 time=9.992228e+00 dt=7.126630e-04

Terminating on time limit
time=1.000000e+01 cycle=14011
tlim=1.000000e+01 nlim=-1

MeshBlock-cycles = 224176
cpu time used  = 6.940458e+03
zone-cycles/cpu_second = 8.467222e+06
particle-updates/cpu_second = 0.000000e+00
