
Root grid = 2 x 2 x 2 MeshBlocks
Total number of MeshBlocks = 64
Number of logical  levels of refinement = 2 (3 levels total)
Number of physical levels of refinement = 1 (2 levels total)
Number of parallel ranks = 64
  Rank = 0: 1 MeshBlocks, cost = 1
  Rank = 1: 1 MeshBlocks, cost = 1
  Rank = 2: 1 MeshBlocks, cost = 1
  Rank = 3: 1 MeshBlocks, cost = 1
  Rank = 4: 1 MeshBlocks, cost = 1
  Rank = 5: 1 MeshBlocks, cost = 1
  Rank = 6: 1 MeshBlocks, cost = 1
  Rank = 7: 1 MeshBlocks, cost = 1
  Rank = 8: 1 MeshBlocks, cost = 1
  Rank = 9: 1 MeshBlocks, cost = 1
  Rank = 10: 1 MeshBlocks, cost = 1
  Rank = 11: 1 MeshBlocks, cost = 1
  Rank = 12: 1 MeshBlocks, cost = 1
  Rank = 13: 1 MeshBlocks, cost = 1
  Rank = 14: 1 MeshBlocks, cost = 1
  Rank = 15: 1 MeshBlocks, cost = 1
  Rank = 16: 1 MeshBlocks, cost = 1
  Rank = 17: 1 MeshBlocks, cost = 1
  Rank = 18: 1 MeshBlocks, cost = 1
  Rank = 19: 1 MeshBlocks, cost = 1
  Rank = 20: 1 MeshBlocks, cost = 1
  Rank = 21: 1 MeshBlocks, cost = 1
  Rank = 22: 1 MeshBlocks, cost = 1
  Rank = 23: 1 MeshBlocks, cost = 1
  Rank = 24: 1 MeshBlocks, cost = 1
  Rank = 25: 1 MeshBlocks, cost = 1
  Rank = 26: 1 MeshBlocks, cost = 1
  Rank = 27: 1 MeshBlocks, cost = 1
  Rank = 28: 1 MeshBlocks, cost = 1
  Rank = 29: 1 MeshBlocks, cost = 1
  Rank = 30: 1 MeshBlocks, cost = 1
  Rank = 31: 1 MeshBlocks, cost = 1
  Rank = 32: 1 MeshBlocks, cost = 1
  Rank = 33: 1 MeshBlocks, cost = 1
  Rank = 34: 1 MeshBlocks, cost = 1
  Rank = 35: 1 MeshBlocks, cost = 1
  Rank = 36: 1 MeshBlocks, cost = 1
  Rank = 37: 1 MeshBlocks, cost = 1
  Rank = 38: 1 MeshBlocks, cost = 1
  Rank = 39: 1 MeshBlocks, cost = 1
  Rank = 40: 1 MeshBlocks, cost = 1
  Rank = 41: 1 MeshBlocks, cost = 1
  Rank = 42: 1 MeshBlocks, cost = 1
  Rank = 43: 1 MeshBlocks, cost = 1
  Rank = 44: 1 MeshBlocks, cost = 1
  Rank = 45: 1 MeshBlocks, cost = 1
  Rank = 46: 1 MeshBlocks, cost = 1
  Rank = 47: 1 MeshBlocks, cost = 1
  Rank = 48: 1 MeshBlocks, cost = 1
  Rank = 49: 1 MeshBlocks, cost = 1
  Rank = 50: 1 MeshBlocks, cost = 1
  Rank = 51: 1 MeshBlocks, cost = 1
  Rank = 52: 1 MeshBlocks, cost = 1
  Rank = 53: 1 MeshBlocks, cost = 1
  Rank = 54: 1 MeshBlocks, cost = 1
  Rank = 55: 1 MeshBlocks, cost = 1
  Rank = 56: 1 MeshBlocks, cost = 1
  Rank = 57: 1 MeshBlocks, cost = 1
  Rank = 58: 1 MeshBlocks, cost = 1
  Rank = 59: 1 MeshBlocks, cost = 1
  Rank = 60: 1 MeshBlocks, cost = 1
  Rank = 61: 1 MeshBlocks, cost = 1
  Rank = 62: 1 MeshBlocks, cost = 1
  Rank = 63: 1 MeshBlocks, cost = 1
Load Balancing:
  Maximum normalized cost = 1, Average = 1

Setup complete, executing task list(s)...

elapsed=4.285787e+02 cycle=0 time=0.000000e+00 dt=2.723191e-02
elapsed=9.062055e+02 cycle=1000 time=3.313124e+00 dt=2.706440e-03
elapsed=1.379955e+03 cycle=2000 time=6.434599e+00 dt=3.182074e-03
elapsed=1.857701e+03 cycle=3000 time=9.603812e+00 dt=3.151013e-03
elapsed=2.747129e+03 cycle=4000 time=1.271428e+01 dt=3.062398e-03
elapsed=3.207509e+03 cycle=5000 time=1.580251e+01 dt=3.135743e-03
elapsed=3.683803e+03 cycle=6000 time=1.899673e+01 dt=3.258909e-03
elapsed=4.566257e+03 cycle=7000 time=2.223282e+01 dt=3.082592e-03
elapsed=5.053134e+03 cycle=8000 time=2.517385e+01 dt=2.740096e-03
elapsed=5.537595e+03 cycle=9000 time=2.768376e+01 dt=2.518563e-03
elapsed=6.439019e+03 cycle=10000 time=3.028245e+01 dt=2.541646e-03
elapsed=6.902965e+03 cycle=11000 time=3.278045e+01 dt=2.910900e-03
elapsed=7.379407e+03 cycle=12000 time=3.592168e+01 dt=3.291771e-03
elapsed=7.855535e+03 cycle=13000 time=3.952524e+01 dt=3.718754e-03
elapsed=8.680883e+03 cycle=14000 time=4.312874e+01 dt=3.716881e-03
elapsed=9.159195e+03 cycle=15000 time=4.686979e+01 dt=3.763355e-03
elapsed=9.992709e+03 cycle=16000 time=5.062132e+01 dt=3.748113e-03
elapsed=1.045084e+04 cycle=17000 time=5.436160e+01 dt=3.690693e-03
elapsed=1.091468e+04 cycle=18000 time=5.808413e+01 dt=3.756991e-03
elapsed=1.180931e+04 cycle=19000 time=6.180012e+01 dt=3.654466e-03
elapsed=1.226590e+04 cycle=20000 time=6.556580e+01 dt=3.845936e-03
elapsed=1.272344e+04 cycle=21000 time=6.930964e+01 dt=3.831541e-03
elapsed=1.360835e+04 cycle=22000 time=7.309391e+01 dt=3.761146e-03
elapsed=1.407089e+04 cycle=23000 time=7.685120e+01 dt=3.860459e-03
elapsed=1.490196e+04 cycle=24000 time=8.055350e+01 dt=3.813712e-03
elapsed=1.536876e+04 cycle=25000 time=8.437681e+01 dt=3.809454e-03
elapsed=1.583199e+04 cycle=26000 time=8.816060e+01 dt=3.751392e-03
elapsed=1.675637e+04 cycle=27000 time=9.191277e+01 dt=3.727036e-03
elapsed=1.721904e+04 cycle=28000 time=9.560573e+01 dt=3.720568e-03
elapsed=1.767943e+04 cycle=29000 time=9.945812e+01 dt=4.381689e-03

Terminating on time limit
time=1.000000e+02 cycle=29122
tlim=1.000000e+02 nlim=-1

MeshBlock-cycles = 1863808
cpu time used  = 1.773368e+04
zone-cycles/cpu_second = 2.755131e+07
particle-updates/cpu_second = 0.000000e+00
