
Root grid = 2 x 2 x 2 MeshBlocks
Total number of MeshBlocks = 176
Number of logical  levels of refinement = 3 (4 levels total)
Number of physical levels of refinement = 2 (3 levels total)
  Physical level = 1 (logical level = 2): 48 MeshBlocks, cost = 48
  Physical level = 2 (logical level = 3): 128 MeshBlocks, cost = 128
Number of parallel ranks = 176
  Rank = 0: 1 MeshBlocks, cost = 1
  Rank = 1: 1 MeshBlocks, cost = 1
  Rank = 2: 1 MeshBlocks, cost = 1
  Rank = 3: 1 MeshBlocks, cost = 1
  Rank = 4: 1 MeshBlocks, cost = 1
  Rank = 5: 1 MeshBlocks, cost = 1
  Rank = 6: 1 MeshBlocks, cost = 1
  Rank = 7: 1 MeshBlocks, cost = 1
  Rank = 8: 1 MeshBlocks, cost = 1
  Rank = 9: 1 MeshBlocks, cost = 1
  Rank = 10: 1 MeshBlocks, cost = 1
  Rank = 11: 1 MeshBlocks, cost = 1
  Rank = 12: 1 MeshBlocks, cost = 1
  Rank = 13: 1 MeshBlocks, cost = 1
  Rank = 14: 1 MeshBlocks, cost = 1
  Rank = 15: 1 MeshBlocks, cost = 1
  Rank = 16: 1 MeshBlocks, cost = 1
  Rank = 17: 1 MeshBlocks, cost = 1
  Rank = 18: 1 MeshBlocks, cost = 1
  Rank = 19: 1 MeshBlocks, cost = 1
  Rank = 20: 1 MeshBlocks, cost = 1
  Rank = 21: 1 MeshBlocks, cost = 1
  Rank = 22: 1 MeshBlocks, cost = 1
  Rank = 23: 1 MeshBlocks, cost = 1
  Rank = 24: 1 MeshBlocks, cost = 1
  Rank = 25: 1 MeshBlocks, cost = 1
  Rank = 26: 1 MeshBlocks, cost = 1
  Rank = 27: 1 MeshBlocks, cost = 1
  Rank = 28: 1 MeshBlocks, cost = 1
  Rank = 29: 1 MeshBlocks, cost = 1
  Rank = 30: 1 MeshBlocks, cost = 1
  Rank = 31: 1 MeshBlocks, cost = 1
  Rank = 32: 1 MeshBlocks, cost = 1
  Rank = 33: 1 MeshBlocks, cost = 1
  Rank = 34: 1 MeshBlocks, cost = 1
  Rank = 35: 1 MeshBlocks, cost = 1
  Rank = 36: 1 MeshBlocks, cost = 1
  Rank = 37: 1 MeshBlocks, cost = 1
  Rank = 38: 1 MeshBlocks, cost = 1
  Rank = 39: 1 MeshBlocks, cost = 1
  Rank = 40: 1 MeshBlocks, cost = 1
  Rank = 41: 1 MeshBlocks, cost = 1
  Rank = 42: 1 MeshBlocks, cost = 1
  Rank = 43: 1 MeshBlocks, cost = 1
  Rank = 44: 1 MeshBlocks, cost = 1
  Rank = 45: 1 MeshBlocks, cost = 1
  Rank = 46: 1 MeshBlocks, cost = 1
  Rank = 47: 1 MeshBlocks, cost = 1
  Rank = 48: 1 MeshBlocks, cost = 1
  Rank = 49: 1 MeshBlocks, cost = 1
  Rank = 50: 1 MeshBlocks, cost = 1
  Rank = 51: 1 MeshBlocks, cost = 1
  Rank = 52: 1 MeshBlocks, cost = 1
  Rank = 53: 1 MeshBlocks, cost = 1
  Rank = 54: 1 MeshBlocks, cost = 1
  Rank = 55: 1 MeshBlocks, cost = 1
  Rank = 56: 1 MeshBlocks, cost = 1
  Rank = 57: 1 MeshBlocks, cost = 1
  Rank = 58: 1 MeshBlocks, cost = 1
  Rank = 59: 1 MeshBlocks, cost = 1
  Rank = 60: 1 MeshBlocks, cost = 1
  Rank = 61: 1 MeshBlocks, cost = 1
  Rank = 62: 1 MeshBlocks, cost = 1
  Rank = 63: 1 MeshBlocks, cost = 1
  Rank = 64: 1 MeshBlocks, cost = 1
  Rank = 65: 1 MeshBlocks, cost = 1
  Rank = 66: 1 MeshBlocks, cost = 1
  Rank = 67: 1 MeshBlocks, cost = 1
  Rank = 68: 1 MeshBlocks, cost = 1
  Rank = 69: 1 MeshBlocks, cost = 1
  Rank = 70: 1 MeshBlocks, cost = 1
  Rank = 71: 1 MeshBlocks, cost = 1
  Rank = 72: 1 MeshBlocks, cost = 1
  Rank = 73: 1 MeshBlocks, cost = 1
  Rank = 74: 1 MeshBlocks, cost = 1
  Rank = 75: 1 MeshBlocks, cost = 1
  Rank = 76: 1 MeshBlocks, cost = 1
  Rank = 77: 1 MeshBlocks, cost = 1
  Rank = 78: 1 MeshBlocks, cost = 1
  Rank = 79: 1 MeshBlocks, cost = 1
  Rank = 80: 1 MeshBlocks, cost = 1
  Rank = 81: 1 MeshBlocks, cost = 1
  Rank = 82: 1 MeshBlocks, cost = 1
  Rank = 83: 1 MeshBlocks, cost = 1
  Rank = 84: 1 MeshBlocks, cost = 1
  Rank = 85: 1 MeshBlocks, cost = 1
  Rank = 86: 1 MeshBlocks, cost = 1
  Rank = 87: 1 MeshBlocks, cost = 1
  Rank = 88: 1 MeshBlocks, cost = 1
  Rank = 89: 1 MeshBlocks, cost = 1
  Rank = 90: 1 MeshBlocks, cost = 1
  Rank = 91: 1 MeshBlocks, cost = 1
  Rank = 92: 1 MeshBlocks, cost = 1
  Rank = 93: 1 MeshBlocks, cost = 1
  Rank = 94: 1 MeshBlocks, cost = 1
  Rank = 95: 1 MeshBlocks, cost = 1
  Rank = 96: 1 MeshBlocks, cost = 1
  Rank = 97: 1 MeshBlocks, cost = 1
  Rank = 98: 1 MeshBlocks, cost = 1
  Rank = 99: 1 MeshBlocks, cost = 1
  Rank = 100: 1 MeshBlocks, cost = 1
  Rank = 101: 1 MeshBlocks, cost = 1
  Rank = 102: 1 MeshBlocks, cost = 1
  Rank = 103: 1 MeshBlocks, cost = 1
  Rank = 104: 1 MeshBlocks, cost = 1
  Rank = 105: 1 MeshBlocks, cost = 1
  Rank = 106: 1 MeshBlocks, cost = 1
  Rank = 107: 1 MeshBlocks, cost = 1
  Rank = 108: 1 MeshBlocks, cost = 1
  Rank = 109: 1 MeshBlocks, cost = 1
  Rank = 110: 1 MeshBlocks, cost = 1
  Rank = 111: 1 MeshBlocks, cost = 1
  Rank = 112: 1 MeshBlocks, cost = 1
  Rank = 113: 1 MeshBlocks, cost = 1
  Rank = 114: 1 MeshBlocks, cost = 1
  Rank = 115: 1 MeshBlocks, cost = 1
  Rank = 116: 1 MeshBlocks, cost = 1
  Rank = 117: 1 MeshBlocks, cost = 1
  Rank = 118: 1 MeshBlocks, cost = 1
  Rank = 119: 1 MeshBlocks, cost = 1
  Rank = 120: 1 MeshBlocks, cost = 1
  Rank = 121: 1 MeshBlocks, cost = 1
  Rank = 122: 1 MeshBlocks, cost = 1
  Rank = 123: 1 MeshBlocks, cost = 1
  Rank = 124: 1 MeshBlocks, cost = 1
  Rank = 125: 1 MeshBlocks, cost = 1
  Rank = 126: 1 MeshBlocks, cost = 1
  Rank = 127: 1 MeshBlocks, cost = 1
  Rank = 128: 1 MeshBlocks, cost = 1
  Rank = 129: 1 MeshBlocks, cost = 1
  Rank = 130: 1 MeshBlocks, cost = 1
  Rank = 131: 1 MeshBlocks, cost = 1
  Rank = 132: 1 MeshBlocks, cost = 1
  Rank = 133: 1 MeshBlocks, cost = 1
  Rank = 134: 1 MeshBlocks, cost = 1
  Rank = 135: 1 MeshBlocks, cost = 1
  Rank = 136: 1 MeshBlocks, cost = 1
  Rank = 137: 1 MeshBlocks, cost = 1
  Rank = 138: 1 MeshBlocks, cost = 1
  Rank = 139: 1 MeshBlocks, cost = 1
  Rank = 140: 1 MeshBlocks, cost = 1
  Rank = 141: 1 MeshBlocks, cost = 1
  Rank = 142: 1 MeshBlocks, cost = 1
  Rank = 143: 1 MeshBlocks, cost = 1
  Rank = 144: 1 MeshBlocks, cost = 1
  Rank = 145: 1 MeshBlocks, cost = 1
  Rank = 146: 1 MeshBlocks, cost = 1
  Rank = 147: 1 MeshBlocks, cost = 1
  Rank = 148: 1 MeshBlocks, cost = 1
  Rank = 149: 1 MeshBlocks, cost = 1
  Rank = 150: 1 MeshBlocks, cost = 1
  Rank = 151: 1 MeshBlocks, cost = 1
  Rank = 152: 1 MeshBlocks, cost = 1
  Rank = 153: 1 MeshBlocks, cost = 1
  Rank = 154: 1 MeshBlocks, cost = 1
  Rank = 155: 1 MeshBlocks, cost = 1
  Rank = 156: 1 MeshBlocks, cost = 1
  Rank = 157: 1 MeshBlocks, cost = 1
  Rank = 158: 1 MeshBlocks, cost = 1
  Rank = 159: 1 MeshBlocks, cost = 1
  Rank = 160: 1 MeshBlocks, cost = 1
  Rank = 161: 1 MeshBlocks, cost = 1
  Rank = 162: 1 MeshBlocks, cost = 1
  Rank = 163: 1 MeshBlocks, cost = 1
  Rank = 164: 1 MeshBlocks, cost = 1
  Rank = 165: 1 MeshBlocks, cost = 1
  Rank = 166: 1 MeshBlocks, cost = 1
  Rank = 167: 1 MeshBlocks, cost = 1
  Rank = 168: 1 MeshBlocks, cost = 1
  Rank = 169: 1 MeshBlocks, cost = 1
  Rank = 170: 1 MeshBlocks, cost = 1
  Rank = 171: 1 MeshBlocks, cost = 1
  Rank = 172: 1 MeshBlocks, cost = 1
  Rank = 173: 1 MeshBlocks, cost = 1
  Rank = 174: 1 MeshBlocks, cost = 1
  Rank = 175: 1 MeshBlocks, cost = 1
Load Balancing:
  Maximum normalized cost = 1, Average = 1

Setup complete, executing task list(s)...

elapsed=1.186498e+03 cycle=0 time=0.000000e+00 dt=2.322347e-03
elapsed=2.980922e+03 cycle=1000 time=1.425137e+00 dt=1.500899e-03
elapsed=4.686586e+03 cycle=2000 time=2.969234e+00 dt=1.612420e-03
elapsed=7.801390e+03 cycle=3000 time=4.964675e+00 dt=2.256710e-03
