=== Job started on Tuesday 20 January 2026 04:27:54 PM IST ===
Job ID: 168
Number of tasks: 64
Nodes allocated: cn[01-03]
Working directory: /scratch/meemik/athenak/build_wind_rad_bondi_no_bubble/src
Launching Athena with 64 MPI processes...


Root grid = 2 x 2 x 2 MeshBlocks
Total number of MeshBlocks = 64
Number of logical  levels of refinement = 2 (3 levels total)
Number of physical levels of refinement = 1 (2 levels total)
Number of parallel ranks = 64
  Rank = 0: 1 MeshBlocks, cost = 1
  Rank = 1: 1 MeshBlocks, cost = 1
  Rank = 2: 1 MeshBlocks, cost = 1
  Rank = 3: 1 MeshBlocks, cost = 1
  Rank = 4: 1 MeshBlocks, cost = 1
  Rank = 5: 1 MeshBlocks, cost = 1
  Rank = 6: 1 MeshBlocks, cost = 1
  Rank = 7: 1 MeshBlocks, cost = 1
  Rank = 8: 1 MeshBlocks, cost = 1
  Rank = 9: 1 MeshBlocks, cost = 1
  Rank = 10: 1 MeshBlocks, cost = 1
  Rank = 11: 1 MeshBlocks, cost = 1
  Rank = 12: 1 MeshBlocks, cost = 1
  Rank = 13: 1 MeshBlocks, cost = 1
  Rank = 14: 1 MeshBlocks, cost = 1
  Rank = 15: 1 MeshBlocks, cost = 1
  Rank = 16: 1 MeshBlocks, cost = 1
  Rank = 17: 1 MeshBlocks, cost = 1
  Rank = 18: 1 MeshBlocks, cost = 1
  Rank = 19: 1 MeshBlocks, cost = 1
  Rank = 20: 1 MeshBlocks, cost = 1
  Rank = 21: 1 MeshBlocks, cost = 1
  Rank = 22: 1 MeshBlocks, cost = 1
  Rank = 23: 1 MeshBlocks, cost = 1
  Rank = 24: 1 MeshBlocks, cost = 1
  Rank = 25: 1 MeshBlocks, cost = 1
  Rank = 26: 1 MeshBlocks, cost = 1
  Rank = 27: 1 MeshBlocks, cost = 1
  Rank = 28: 1 MeshBlocks, cost = 1
  Rank = 29: 1 MeshBlocks, cost = 1
  Rank = 30: 1 MeshBlocks, cost = 1
  Rank = 31: 1 MeshBlocks, cost = 1
  Rank = 32: 1 MeshBlocks, cost = 1
  Rank = 33: 1 MeshBlocks, cost = 1
  Rank = 34: 1 MeshBlocks, cost = 1
  Rank = 35: 1 MeshBlocks, cost = 1
  Rank = 36: 1 MeshBlocks, cost = 1
  Rank = 37: 1 MeshBlocks, cost = 1
  Rank = 38: 1 MeshBlocks, cost = 1
  Rank = 39: 1 MeshBlocks, cost = 1
  Rank = 40: 1 MeshBlocks, cost = 1
  Rank = 41: 1 MeshBlocks, cost = 1
  Rank = 42: 1 MeshBlocks, cost = 1
  Rank = 43: 1 MeshBlocks, cost = 1
  Rank = 44: 1 MeshBlocks, cost = 1
  Rank = 45: 1 MeshBlocks, cost = 1
  Rank = 46: 1 MeshBlocks, cost = 1
  Rank = 47: 1 MeshBlocks, cost = 1
  Rank = 48: 1 MeshBlocks, cost = 1
  Rank = 49: 1 MeshBlocks, cost = 1
  Rank = 50: 1 MeshBlocks, cost = 1
  Rank = 51: 1 MeshBlocks, cost = 1
  Rank = 52: 1 MeshBlocks, cost = 1
  Rank = 53: 1 MeshBlocks, cost = 1
  Rank = 54: 1 MeshBlocks, cost = 1
  Rank = 55: 1 MeshBlocks, cost = 1
  Rank = 56: 1 MeshBlocks, cost = 1
  Rank = 57: 1 MeshBlocks, cost = 1
  Rank = 58: 1 MeshBlocks, cost = 1
  Rank = 59: 1 MeshBlocks, cost = 1
  Rank = 60: 1 MeshBlocks, cost = 1
  Rank = 61: 1 MeshBlocks, cost = 1
  Rank = 62: 1 MeshBlocks, cost = 1
  Rank = 63: 1 MeshBlocks, cost = 1
Load Balancing:
  Maximum normalized cost = 1, Average = 1

Setup complete, executing task list(s)...

elapsed=3.682032e+02 cycle=0 time=0.000000e+00 dt=2.723191e-02
elapsed=8.974063e+02 cycle=1000 time=5.177304e+00 dt=5.121923e-03
elapsed=1.790072e+03 cycle=2000 time=1.030152e+01 dt=5.123851e-03
elapsed=2.310901e+03 cycle=3000 time=1.544190e+01 dt=5.144798e-03
elapsed=3.285120e+03 cycle=4000 time=2.058974e+01 dt=5.150404e-03
elapsed=3.824274e+03 cycle=5000 time=2.574291e+01 dt=5.155298e-03
elapsed=4.770142e+03 cycle=6000 time=3.090100e+01 dt=5.160247e-03
elapsed=5.279465e+03 cycle=7000 time=3.606415e+01 dt=5.165314e-03
elapsed=6.157369e+03 cycle=8000 time=4.123221e+01 dt=5.170195e-03
elapsed=6.664712e+03 cycle=9000 time=4.640509e+01 dt=5.174975e-03
elapsed=7.571976e+03 cycle=10000 time=5.177796e+01 dt=5.546660e-03
elapsed=8.076159e+03 cycle=11000 time=5.732734e+01 dt=5.552116e-03
elapsed=9.014876e+03 cycle=12000 time=6.288219e+01 dt=5.557593e-03
elapsed=9.530900e+03 cycle=13000 time=6.844253e+01 dt=5.563090e-03
elapsed=1.044262e+04 cycle=14000 time=7.400837e+01 dt=5.568609e-03
elapsed=1.095095e+04 cycle=15000 time=7.957975e+01 dt=5.574149e-03
elapsed=1.188779e+04 cycle=16000 time=8.515667e+01 dt=5.579710e-03
elapsed=1.285535e+04 cycle=17000 time=9.073917e+01 dt=5.585294e-03
elapsed=1.336282e+04 cycle=18000 time=9.632726e+01 dt=5.590899e-03

Terminating on time limit
time=1.000000e+02 cycle=18657
tlim=1.000000e+02 nlim=-1

MeshBlock-cycles = 1194048
cpu time used  = 1.372295e+04
zone-cycles/cpu_second = 2.280943e+07
particle-updates/cpu_second = 0.000000e+00

=== Job finished on Tuesday 20 January 2026 08:22:45 PM IST ===
