
Root grid = 2 x 2 x 2 MeshBlocks
Total number of MeshBlocks = 64
Number of logical  levels of refinement = 2 (3 levels total)
Number of physical levels of refinement = 1 (2 levels total)
Number of parallel ranks = 64
  Rank = 0: 1 MeshBlocks, cost = 1
  Rank = 1: 1 MeshBlocks, cost = 1
  Rank = 2: 1 MeshBlocks, cost = 1
  Rank = 3: 1 MeshBlocks, cost = 1
  Rank = 4: 1 MeshBlocks, cost = 1
  Rank = 5: 1 MeshBlocks, cost = 1
  Rank = 6: 1 MeshBlocks, cost = 1
  Rank = 7: 1 MeshBlocks, cost = 1
  Rank = 8: 1 MeshBlocks, cost = 1
  Rank = 9: 1 MeshBlocks, cost = 1
  Rank = 10: 1 MeshBlocks, cost = 1
  Rank = 11: 1 MeshBlocks, cost = 1
  Rank = 12: 1 MeshBlocks, cost = 1
  Rank = 13: 1 MeshBlocks, cost = 1
  Rank = 14: 1 MeshBlocks, cost = 1
  Rank = 15: 1 MeshBlocks, cost = 1
  Rank = 16: 1 MeshBlocks, cost = 1
  Rank = 17: 1 MeshBlocks, cost = 1
  Rank = 18: 1 MeshBlocks, cost = 1
  Rank = 19: 1 MeshBlocks, cost = 1
  Rank = 20: 1 MeshBlocks, cost = 1
  Rank = 21: 1 MeshBlocks, cost = 1
  Rank = 22: 1 MeshBlocks, cost = 1
  Rank = 23: 1 MeshBlocks, cost = 1
  Rank = 24: 1 MeshBlocks, cost = 1
  Rank = 25: 1 MeshBlocks, cost = 1
  Rank = 26: 1 MeshBlocks, cost = 1
  Rank = 27: 1 MeshBlocks, cost = 1
  Rank = 28: 1 MeshBlocks, cost = 1
  Rank = 29: 1 MeshBlocks, cost = 1
  Rank = 30: 1 MeshBlocks, cost = 1
  Rank = 31: 1 MeshBlocks, cost = 1
  Rank = 32: 1 MeshBlocks, cost = 1
  Rank = 33: 1 MeshBlocks, cost = 1
  Rank = 34: 1 MeshBlocks, cost = 1
  Rank = 35: 1 MeshBlocks, cost = 1
  Rank = 36: 1 MeshBlocks, cost = 1
  Rank = 37: 1 MeshBlocks, cost = 1
  Rank = 38: 1 MeshBlocks, cost = 1
  Rank = 39: 1 MeshBlocks, cost = 1
  Rank = 40: 1 MeshBlocks, cost = 1
  Rank = 41: 1 MeshBlocks, cost = 1
  Rank = 42: 1 MeshBlocks, cost = 1
  Rank = 43: 1 MeshBlocks, cost = 1
  Rank = 44: 1 MeshBlocks, cost = 1
  Rank = 45: 1 MeshBlocks, cost = 1
  Rank = 46: 1 MeshBlocks, cost = 1
  Rank = 47: 1 MeshBlocks, cost = 1
  Rank = 48: 1 MeshBlocks, cost = 1
  Rank = 49: 1 MeshBlocks, cost = 1
  Rank = 50: 1 MeshBlocks, cost = 1
  Rank = 51: 1 MeshBlocks, cost = 1
  Rank = 52: 1 MeshBlocks, cost = 1
  Rank = 53: 1 MeshBlocks, cost = 1
  Rank = 54: 1 MeshBlocks, cost = 1
  Rank = 55: 1 MeshBlocks, cost = 1
  Rank = 56: 1 MeshBlocks, cost = 1
  Rank = 57: 1 MeshBlocks, cost = 1
  Rank = 58: 1 MeshBlocks, cost = 1
  Rank = 59: 1 MeshBlocks, cost = 1
  Rank = 60: 1 MeshBlocks, cost = 1
  Rank = 61: 1 MeshBlocks, cost = 1
  Rank = 62: 1 MeshBlocks, cost = 1
  Rank = 63: 1 MeshBlocks, cost = 1
Load Balancing:
  Maximum normalized cost = 1, Average = 1

Setup complete, executing task list(s)...

elapsed=3.978035e+02 cycle=0 time=0.000000e+00 dt=3.558185e-04
elapsed=9.743942e+02 cycle=1000 time=3.674747e-01 dt=3.658309e-04
elapsed=1.547758e+03 cycle=2000 time=7.333011e-01 dt=3.658249e-04
elapsed=2.544088e+03 cycle=3000 time=1.099126e+00 dt=3.658253e-04
elapsed=3.094854e+03 cycle=4000 time=1.464952e+00 dt=3.658260e-04
elapsed=3.644107e+03 cycle=5000 time=1.830778e+00 dt=3.658261e-04
elapsed=4.532986e+03 cycle=6000 time=2.196604e+00 dt=3.658261e-04
elapsed=5.078575e+03 cycle=7000 time=2.562430e+00 dt=3.658261e-04
elapsed=5.621716e+03 cycle=8000 time=2.928256e+00 dt=3.658260e-04
elapsed=6.590289e+03 cycle=9000 time=3.294082e+00 dt=3.658260e-04
elapsed=7.131892e+03 cycle=10000 time=3.659908e+00 dt=3.658258e-04
elapsed=8.068416e+03 cycle=11000 time=4.025734e+00 dt=3.658258e-04
elapsed=8.615484e+03 cycle=12000 time=4.391560e+00 dt=3.658259e-04
elapsed=9.160712e+03 cycle=13000 time=4.757386e+00 dt=3.658260e-04
elapsed=1.010033e+04 cycle=14000 time=5.123212e+00 dt=3.658260e-04
elapsed=1.064108e+04 cycle=15000 time=5.489038e+00 dt=3.658260e-04
elapsed=1.118091e+04 cycle=16000 time=5.854864e+00 dt=3.658260e-04
elapsed=1.215170e+04 cycle=17000 time=6.220690e+00 dt=3.658260e-04
elapsed=1.269190e+04 cycle=18000 time=6.586516e+00 dt=3.658260e-04
elapsed=1.323072e+04 cycle=19000 time=6.952342e+00 dt=3.658260e-04
elapsed=1.417201e+04 cycle=20000 time=7.318167e+00 dt=3.658260e-04
elapsed=1.471735e+04 cycle=21000 time=7.683993e+00 dt=3.658260e-04
elapsed=1.565876e+04 cycle=22000 time=8.049819e+00 dt=3.658260e-04
elapsed=1.619850e+04 cycle=23000 time=8.415645e+00 dt=3.658260e-04
elapsed=1.673815e+04 cycle=24000 time=8.781471e+00 dt=3.658260e-04
elapsed=1.767832e+04 cycle=25000 time=9.147297e+00 dt=3.658260e-04
elapsed=1.822905e+04 cycle=26000 time=9.513123e+00 dt=3.658260e-04
elapsed=1.877616e+04 cycle=27000 time=9.878949e+00 dt=3.658260e-04

Terminating on time limit
time=1.000000e+01 cycle=27331
tlim=1.000000e+01 nlim=-1

MeshBlock-cycles = 1749184
cpu time used  = 1.895594e+04
zone-cycles/cpu_second = 2.418968e+07
particle-updates/cpu_second = 0.000000e+00
