
Root grid = 2 x 2 x 2 MeshBlocks
Total number of MeshBlocks = 64
Number of logical  levels of refinement = 2 (3 levels total)
Number of physical levels of refinement = 1 (2 levels total)
Number of parallel ranks = 64
  Rank = 0: 1 MeshBlocks, cost = 1
  Rank = 1: 1 MeshBlocks, cost = 1
  Rank = 2: 1 MeshBlocks, cost = 1
  Rank = 3: 1 MeshBlocks, cost = 1
  Rank = 4: 1 MeshBlocks, cost = 1
  Rank = 5: 1 MeshBlocks, cost = 1
  Rank = 6: 1 MeshBlocks, cost = 1
  Rank = 7: 1 MeshBlocks, cost = 1
  Rank = 8: 1 MeshBlocks, cost = 1
  Rank = 9: 1 MeshBlocks, cost = 1
  Rank = 10: 1 MeshBlocks, cost = 1
  Rank = 11: 1 MeshBlocks, cost = 1
  Rank = 12: 1 MeshBlocks, cost = 1
  Rank = 13: 1 MeshBlocks, cost = 1
  Rank = 14: 1 MeshBlocks, cost = 1
  Rank = 15: 1 MeshBlocks, cost = 1
  Rank = 16: 1 MeshBlocks, cost = 1
  Rank = 17: 1 MeshBlocks, cost = 1
  Rank = 18: 1 MeshBlocks, cost = 1
  Rank = 19: 1 MeshBlocks, cost = 1
  Rank = 20: 1 MeshBlocks, cost = 1
  Rank = 21: 1 MeshBlocks, cost = 1
  Rank = 22: 1 MeshBlocks, cost = 1
  Rank = 23: 1 MeshBlocks, cost = 1
  Rank = 24: 1 MeshBlocks, cost = 1
  Rank = 25: 1 MeshBlocks, cost = 1
  Rank = 26: 1 MeshBlocks, cost = 1
  Rank = 27: 1 MeshBlocks, cost = 1
  Rank = 28: 1 MeshBlocks, cost = 1
  Rank = 29: 1 MeshBlocks, cost = 1
  Rank = 30: 1 MeshBlocks, cost = 1
  Rank = 31: 1 MeshBlocks, cost = 1
  Rank = 32: 1 MeshBlocks, cost = 1
  Rank = 33: 1 MeshBlocks, cost = 1
  Rank = 34: 1 MeshBlocks, cost = 1
  Rank = 35: 1 MeshBlocks, cost = 1
  Rank = 36: 1 MeshBlocks, cost = 1
  Rank = 37: 1 MeshBlocks, cost = 1
  Rank = 38: 1 MeshBlocks, cost = 1
  Rank = 39: 1 MeshBlocks, cost = 1
  Rank = 40: 1 MeshBlocks, cost = 1
  Rank = 41: 1 MeshBlocks, cost = 1
  Rank = 42: 1 MeshBlocks, cost = 1
  Rank = 43: 1 MeshBlocks, cost = 1
  Rank = 44: 1 MeshBlocks, cost = 1
  Rank = 45: 1 MeshBlocks, cost = 1
  Rank = 46: 1 MeshBlocks, cost = 1
  Rank = 47: 1 MeshBlocks, cost = 1
  Rank = 48: 1 MeshBlocks, cost = 1
  Rank = 49: 1 MeshBlocks, cost = 1
  Rank = 50: 1 MeshBlocks, cost = 1
  Rank = 51: 1 MeshBlocks, cost = 1
  Rank = 52: 1 MeshBlocks, cost = 1
  Rank = 53: 1 MeshBlocks, cost = 1
  Rank = 54: 1 MeshBlocks, cost = 1
  Rank = 55: 1 MeshBlocks, cost = 1
  Rank = 56: 1 MeshBlocks, cost = 1
  Rank = 57: 1 MeshBlocks, cost = 1
  Rank = 58: 1 MeshBlocks, cost = 1
  Rank = 59: 1 MeshBlocks, cost = 1
  Rank = 60: 1 MeshBlocks, cost = 1
  Rank = 61: 1 MeshBlocks, cost = 1
  Rank = 62: 1 MeshBlocks, cost = 1
  Rank = 63: 1 MeshBlocks, cost = 1
Load Balancing:
  Maximum normalized cost = 1, Average = 1

Setup complete, executing task list(s)...

elapsed=4.586000e+02 cycle=0 time=0.000000e+00 dt=3.558185e-04
elapsed=1.011328e+03 cycle=1000 time=3.654319e-01 dt=3.658260e-04
elapsed=1.566226e+03 cycle=2000 time=7.312580e-01 dt=3.658260e-04
elapsed=2.498963e+03 cycle=3000 time=1.097084e+00 dt=3.658260e-04
elapsed=3.063353e+03 cycle=4000 time=1.462910e+00 dt=3.658260e-04
elapsed=3.628777e+03 cycle=5000 time=1.828736e+00 dt=3.658260e-04
elapsed=4.554057e+03 cycle=6000 time=2.194562e+00 dt=3.658260e-04
elapsed=5.116369e+03 cycle=7000 time=2.560388e+00 dt=3.658260e-04
elapsed=5.678239e+03 cycle=8000 time=2.926214e+00 dt=3.658260e-04
elapsed=6.672592e+03 cycle=9000 time=3.292040e+00 dt=3.658260e-04
elapsed=7.242313e+03 cycle=10000 time=3.657866e+00 dt=3.658260e-04
elapsed=8.265700e+03 cycle=11000 time=4.023692e+00 dt=3.658260e-04
elapsed=8.827352e+03 cycle=12000 time=4.389518e+00 dt=3.658260e-04
elapsed=9.383726e+03 cycle=13000 time=4.755344e+00 dt=3.658260e-04
elapsed=1.033182e+04 cycle=14000 time=5.121171e+00 dt=3.658260e-04
elapsed=1.087839e+04 cycle=15000 time=5.486997e+00 dt=3.658260e-04
elapsed=1.141982e+04 cycle=16000 time=5.852823e+00 dt=3.658260e-04
elapsed=1.238972e+04 cycle=17000 time=6.218649e+00 dt=3.658260e-04
elapsed=1.293030e+04 cycle=18000 time=6.584475e+00 dt=3.658260e-04
elapsed=1.347179e+04 cycle=19000 time=6.950301e+00 dt=3.658260e-04
elapsed=1.438930e+04 cycle=20000 time=7.316127e+00 dt=3.658260e-04
elapsed=1.493853e+04 cycle=21000 time=7.681953e+00 dt=3.658260e-04
elapsed=1.589561e+04 cycle=22000 time=8.047779e+00 dt=3.658260e-04
elapsed=1.645163e+04 cycle=23000 time=8.413605e+00 dt=3.658260e-04
elapsed=1.701021e+04 cycle=24000 time=8.779431e+00 dt=3.658260e-04
elapsed=1.799334e+04 cycle=25000 time=9.145257e+00 dt=3.658260e-04
elapsed=1.853610e+04 cycle=26000 time=9.511083e+00 dt=3.658260e-04
elapsed=1.907942e+04 cycle=27000 time=9.876909e+00 dt=3.658260e-04

Terminating on time limit
time=1.000000e+01 cycle=27337
tlim=1.000000e+01 nlim=-1

MeshBlock-cycles = 1749568
cpu time used  = 1.923130e+04
zone-cycles/cpu_second = 2.384856e+07
particle-updates/cpu_second = 0.000000e+00
