
Root grid = 2 x 1 x 1 MeshBlocks
Total number of MeshBlocks = 16
Number of logical  levels of refinement = 2 (3 levels total)
Number of physical levels of refinement = 1 (2 levels total)
Number of parallel ranks = 16
  Rank = 0: 1 MeshBlocks, cost = 1
  Rank = 1: 1 MeshBlocks, cost = 1
  Rank = 2: 1 MeshBlocks, cost = 1
  Rank = 3: 1 MeshBlocks, cost = 1
  Rank = 4: 1 MeshBlocks, cost = 1
  Rank = 5: 1 MeshBlocks, cost = 1
  Rank = 6: 1 MeshBlocks, cost = 1
  Rank = 7: 1 MeshBlocks, cost = 1
  Rank = 8: 1 MeshBlocks, cost = 1
  Rank = 9: 1 MeshBlocks, cost = 1
  Rank = 10: 1 MeshBlocks, cost = 1
  Rank = 11: 1 MeshBlocks, cost = 1
  Rank = 12: 1 MeshBlocks, cost = 1
  Rank = 13: 1 MeshBlocks, cost = 1
  Rank = 14: 1 MeshBlocks, cost = 1
  Rank = 15: 1 MeshBlocks, cost = 1
Load Balancing:
  Maximum normalized cost = 1, Average = 1

Setup complete, executing task list(s)...

elapsed=3.383790e+00 cycle=0 time=0.000000e+00 dt=4.888708e-03
elapsed=4.635587e+02 cycle=1000 time=3.462353e+00 dt=3.630325e-03
elapsed=9.530473e+02 cycle=2000 time=6.987229e+00 dt=3.492285e-03
elapsed=1.505392e+03 cycle=3000 time=1.060822e+01 dt=3.781377e-03
elapsed=1.965604e+03 cycle=4000 time=1.386162e+01 dt=2.956842e-03
elapsed=2.424399e+03 cycle=5000 time=1.678570e+01 dt=2.924604e-03
elapsed=2.881846e+03 cycle=6000 time=1.970905e+01 dt=2.923026e-03

Terminating on time limit
time=2.000000e+01 cycle=6100
tlim=2.000000e+01 nlim=-1

MeshBlock-cycles = 97600
cpu time used  = 2.926037e+03
zone-cycles/cpu_second = 8.743994e+06
particle-updates/cpu_second = 0.000000e+00
