
Root grid = 2 x 1 x 1 MeshBlocks
Total number of MeshBlocks = 16
Number of logical  levels of refinement = 2 (3 levels total)
Number of physical levels of refinement = 1 (2 levels total)
Number of parallel ranks = 16
  Rank = 0: 1 MeshBlocks, cost = 1
  Rank = 1: 1 MeshBlocks, cost = 1
  Rank = 2: 1 MeshBlocks, cost = 1
  Rank = 3: 1 MeshBlocks, cost = 1
  Rank = 4: 1 MeshBlocks, cost = 1
  Rank = 5: 1 MeshBlocks, cost = 1
  Rank = 6: 1 MeshBlocks, cost = 1
  Rank = 7: 1 MeshBlocks, cost = 1
  Rank = 8: 1 MeshBlocks, cost = 1
  Rank = 9: 1 MeshBlocks, cost = 1
  Rank = 10: 1 MeshBlocks, cost = 1
  Rank = 11: 1 MeshBlocks, cost = 1
  Rank = 12: 1 MeshBlocks, cost = 1
  Rank = 13: 1 MeshBlocks, cost = 1
  Rank = 14: 1 MeshBlocks, cost = 1
  Rank = 15: 1 MeshBlocks, cost = 1
Load Balancing:
  Maximum normalized cost = 1, Average = 1

Setup complete, executing task list(s)...

elapsed=3.430721e+00 cycle=0 time=0.000000e+00 dt=5.645059e-03
elapsed=4.610888e+02 cycle=1000 time=3.289663e+00 dt=3.237376e-03
elapsed=9.785687e+02 cycle=2000 time=6.288381e+00 dt=2.911611e-03
elapsed=1.468220e+03 cycle=3000 time=9.215067e+00 dt=2.927060e-03

Terminating on time limit
time=1.000000e+01 cycle=3269
tlim=1.000000e+01 nlim=-1

MeshBlock-cycles = 52304
cpu time used  = 1.588366e+03
zone-cycles/cpu_second = 8.632253e+06
particle-updates/cpu_second = 0.000000e+00
