
Root grid = 2 x 2 x 2 MeshBlocks
Total number of MeshBlocks = 64
Number of logical  levels of refinement = 2 (3 levels total)
Number of physical levels of refinement = 1 (2 levels total)
Number of parallel ranks = 64
  Rank = 0: 1 MeshBlocks, cost = 1
  Rank = 1: 1 MeshBlocks, cost = 1
  Rank = 2: 1 MeshBlocks, cost = 1
  Rank = 3: 1 MeshBlocks, cost = 1
  Rank = 4: 1 MeshBlocks, cost = 1
  Rank = 5: 1 MeshBlocks, cost = 1
  Rank = 6: 1 MeshBlocks, cost = 1
  Rank = 7: 1 MeshBlocks, cost = 1
  Rank = 8: 1 MeshBlocks, cost = 1
  Rank = 9: 1 MeshBlocks, cost = 1
  Rank = 10: 1 MeshBlocks, cost = 1
  Rank = 11: 1 MeshBlocks, cost = 1
  Rank = 12: 1 MeshBlocks, cost = 1
  Rank = 13: 1 MeshBlocks, cost = 1
  Rank = 14: 1 MeshBlocks, cost = 1
  Rank = 15: 1 MeshBlocks, cost = 1
  Rank = 16: 1 MeshBlocks, cost = 1
  Rank = 17: 1 MeshBlocks, cost = 1
  Rank = 18: 1 MeshBlocks, cost = 1
  Rank = 19: 1 MeshBlocks, cost = 1
  Rank = 20: 1 MeshBlocks, cost = 1
  Rank = 21: 1 MeshBlocks, cost = 1
  Rank = 22: 1 MeshBlocks, cost = 1
  Rank = 23: 1 MeshBlocks, cost = 1
  Rank = 24: 1 MeshBlocks, cost = 1
  Rank = 25: 1 MeshBlocks, cost = 1
  Rank = 26: 1 MeshBlocks, cost = 1
  Rank = 27: 1 MeshBlocks, cost = 1
  Rank = 28: 1 MeshBlocks, cost = 1
  Rank = 29: 1 MeshBlocks, cost = 1
  Rank = 30: 1 MeshBlocks, cost = 1
  Rank = 31: 1 MeshBlocks, cost = 1
  Rank = 32: 1 MeshBlocks, cost = 1
  Rank = 33: 1 MeshBlocks, cost = 1
  Rank = 34: 1 MeshBlocks, cost = 1
  Rank = 35: 1 MeshBlocks, cost = 1
  Rank = 36: 1 MeshBlocks, cost = 1
  Rank = 37: 1 MeshBlocks, cost = 1
  Rank = 38: 1 MeshBlocks, cost = 1
  Rank = 39: 1 MeshBlocks, cost = 1
  Rank = 40: 1 MeshBlocks, cost = 1
  Rank = 41: 1 MeshBlocks, cost = 1
  Rank = 42: 1 MeshBlocks, cost = 1
  Rank = 43: 1 MeshBlocks, cost = 1
  Rank = 44: 1 MeshBlocks, cost = 1
  Rank = 45: 1 MeshBlocks, cost = 1
  Rank = 46: 1 MeshBlocks, cost = 1
  Rank = 47: 1 MeshBlocks, cost = 1
  Rank = 48: 1 MeshBlocks, cost = 1
  Rank = 49: 1 MeshBlocks, cost = 1
  Rank = 50: 1 MeshBlocks, cost = 1
  Rank = 51: 1 MeshBlocks, cost = 1
  Rank = 52: 1 MeshBlocks, cost = 1
  Rank = 53: 1 MeshBlocks, cost = 1
  Rank = 54: 1 MeshBlocks, cost = 1
  Rank = 55: 1 MeshBlocks, cost = 1
  Rank = 56: 1 MeshBlocks, cost = 1
  Rank = 57: 1 MeshBlocks, cost = 1
  Rank = 58: 1 MeshBlocks, cost = 1
  Rank = 59: 1 MeshBlocks, cost = 1
  Rank = 60: 1 MeshBlocks, cost = 1
  Rank = 61: 1 MeshBlocks, cost = 1
  Rank = 62: 1 MeshBlocks, cost = 1
  Rank = 63: 1 MeshBlocks, cost = 1
Load Balancing:
  Maximum normalized cost = 1, Average = 1

Setup complete, executing task list(s)...

elapsed=4.281497e+02 cycle=0 time=0.000000e+00 dt=2.723191e-02
elapsed=9.355094e+02 cycle=1000 time=3.914024e+00 dt=2.912041e-03
elapsed=1.437755e+03 cycle=2000 time=6.756722e+00 dt=2.953077e-03
elapsed=1.940881e+03 cycle=3000 time=9.654630e+00 dt=2.449375e-03
elapsed=2.892241e+03 cycle=4000 time=1.214603e+01 dt=2.689490e-03
elapsed=3.415258e+03 cycle=5000 time=1.479670e+01 dt=2.852971e-03
elapsed=3.927318e+03 cycle=6000 time=1.767841e+01 dt=2.754227e-03
elapsed=4.827613e+03 cycle=7000 time=2.037992e+01 dt=2.702076e-03
elapsed=5.336374e+03 cycle=8000 time=2.310580e+01 dt=2.723503e-03
elapsed=5.840705e+03 cycle=9000 time=2.591475e+01 dt=2.846185e-03
elapsed=6.347823e+03 cycle=10000 time=2.879635e+01 dt=2.967367e-03
elapsed=7.318413e+03 cycle=11000 time=3.176766e+01 dt=2.971316e-03
elapsed=7.847559e+03 cycle=12000 time=3.486128e+01 dt=3.086330e-03
elapsed=8.370311e+03 cycle=13000 time=3.795749e+01 dt=3.225309e-03
elapsed=9.344706e+03 cycle=14000 time=4.126192e+01 dt=3.286353e-03
elapsed=9.851549e+03 cycle=15000 time=4.447455e+01 dt=3.241782e-03
elapsed=1.036356e+04 cycle=16000 time=4.774544e+01 dt=3.287696e-03
elapsed=1.127843e+04 cycle=17000 time=5.104637e+01 dt=3.259517e-03
elapsed=1.178981e+04 cycle=18000 time=5.438512e+01 dt=3.215313e-03
elapsed=1.229762e+04 cycle=19000 time=5.752079e+01 dt=3.080693e-03
elapsed=1.323600e+04 cycle=20000 time=6.064748e+01 dt=3.187457e-03
elapsed=1.373894e+04 cycle=21000 time=6.380326e+01 dt=3.131440e-03
elapsed=1.424073e+04 cycle=22000 time=6.689967e+01 dt=3.004082e-03
elapsed=1.474562e+04 cycle=23000 time=6.980235e+01 dt=2.822381e-03
elapsed=1.567970e+04 cycle=24000 time=7.260308e+01 dt=2.749512e-03
elapsed=1.618667e+04 cycle=25000 time=7.544186e+01 dt=2.988797e-03
elapsed=1.670276e+04 cycle=26000 time=7.844060e+01 dt=3.054001e-03
elapsed=1.763719e+04 cycle=27000 time=8.158315e+01 dt=3.153037e-03
elapsed=1.815234e+04 cycle=28000 time=8.473459e+01 dt=3.125201e-03
elapsed=1.866839e+04 cycle=29000 time=8.770382e+01 dt=2.741138e-03
elapsed=1.964366e+04 cycle=30000 time=9.076412e+01 dt=3.011930e-03
elapsed=2.016246e+04 cycle=31000 time=9.387643e+01 dt=3.282385e-03
elapsed=2.067743e+04 cycle=32000 time=9.711506e+01 dt=3.276036e-03

Terminating on time limit
time=1.000000e+02 cycle=32889
tlim=1.000000e+02 nlim=-1

MeshBlock-cycles = 2104896
cpu time used  = 2.113327e+04
zone-cycles/cpu_second = 2.610982e+07
particle-updates/cpu_second = 0.000000e+00
