
Root grid = 2 x 2 x 2 MeshBlocks
Total number of MeshBlocks = 64
Number of logical  levels of refinement = 2 (3 levels total)
Number of physical levels of refinement = 1 (2 levels total)
Number of parallel ranks = 64
  Rank = 0: 1 MeshBlocks, cost = 1
  Rank = 1: 1 MeshBlocks, cost = 1
  Rank = 2: 1 MeshBlocks, cost = 1
  Rank = 3: 1 MeshBlocks, cost = 1
  Rank = 4: 1 MeshBlocks, cost = 1
  Rank = 5: 1 MeshBlocks, cost = 1
  Rank = 6: 1 MeshBlocks, cost = 1
  Rank = 7: 1 MeshBlocks, cost = 1
  Rank = 8: 1 MeshBlocks, cost = 1
  Rank = 9: 1 MeshBlocks, cost = 1
  Rank = 10: 1 MeshBlocks, cost = 1
  Rank = 11: 1 MeshBlocks, cost = 1
  Rank = 12: 1 MeshBlocks, cost = 1
  Rank = 13: 1 MeshBlocks, cost = 1
  Rank = 14: 1 MeshBlocks, cost = 1
  Rank = 15: 1 MeshBlocks, cost = 1
  Rank = 16: 1 MeshBlocks, cost = 1
  Rank = 17: 1 MeshBlocks, cost = 1
  Rank = 18: 1 MeshBlocks, cost = 1
  Rank = 19: 1 MeshBlocks, cost = 1
  Rank = 20: 1 MeshBlocks, cost = 1
  Rank = 21: 1 MeshBlocks, cost = 1
  Rank = 22: 1 MeshBlocks, cost = 1
  Rank = 23: 1 MeshBlocks, cost = 1
  Rank = 24: 1 MeshBlocks, cost = 1
  Rank = 25: 1 MeshBlocks, cost = 1
  Rank = 26: 1 MeshBlocks, cost = 1
  Rank = 27: 1 MeshBlocks, cost = 1
  Rank = 28: 1 MeshBlocks, cost = 1
  Rank = 29: 1 MeshBlocks, cost = 1
  Rank = 30: 1 MeshBlocks, cost = 1
  Rank = 31: 1 MeshBlocks, cost = 1
  Rank = 32: 1 MeshBlocks, cost = 1
  Rank = 33: 1 MeshBlocks, cost = 1
  Rank = 34: 1 MeshBlocks, cost = 1
  Rank = 35: 1 MeshBlocks, cost = 1
  Rank = 36: 1 MeshBlocks, cost = 1
  Rank = 37: 1 MeshBlocks, cost = 1
  Rank = 38: 1 MeshBlocks, cost = 1
  Rank = 39: 1 MeshBlocks, cost = 1
  Rank = 40: 1 MeshBlocks, cost = 1
  Rank = 41: 1 MeshBlocks, cost = 1
  Rank = 42: 1 MeshBlocks, cost = 1
  Rank = 43: 1 MeshBlocks, cost = 1
  Rank = 44: 1 MeshBlocks, cost = 1
  Rank = 45: 1 MeshBlocks, cost = 1
  Rank = 46: 1 MeshBlocks, cost = 1
  Rank = 47: 1 MeshBlocks, cost = 1
  Rank = 48: 1 MeshBlocks, cost = 1
  Rank = 49: 1 MeshBlocks, cost = 1
  Rank = 50: 1 MeshBlocks, cost = 1
  Rank = 51: 1 MeshBlocks, cost = 1
  Rank = 52: 1 MeshBlocks, cost = 1
  Rank = 53: 1 MeshBlocks, cost = 1
  Rank = 54: 1 MeshBlocks, cost = 1
  Rank = 55: 1 MeshBlocks, cost = 1
  Rank = 56: 1 MeshBlocks, cost = 1
  Rank = 57: 1 MeshBlocks, cost = 1
  Rank = 58: 1 MeshBlocks, cost = 1
  Rank = 59: 1 MeshBlocks, cost = 1
  Rank = 60: 1 MeshBlocks, cost = 1
  Rank = 61: 1 MeshBlocks, cost = 1
  Rank = 62: 1 MeshBlocks, cost = 1
  Rank = 63: 1 MeshBlocks, cost = 1
Load Balancing:
  Maximum normalized cost = 1, Average = 1

Setup complete, executing task list(s)...

elapsed=3.974329e+02 cycle=0 time=0.000000e+00 dt=3.630922e-02
elapsed=9.400528e+02 cycle=1000 time=4.928549e+00 dt=3.783204e-03
elapsed=1.467204e+03 cycle=2000 time=8.933674e+00 dt=4.234225e-03
elapsed=2.428182e+03 cycle=3000 time=1.288558e+01 dt=4.009636e-03
elapsed=2.960193e+03 cycle=4000 time=1.683484e+01 dt=3.900887e-03
elapsed=3.915643e+03 cycle=5000 time=2.087171e+01 dt=3.678052e-03
elapsed=4.427771e+03 cycle=6000 time=2.449720e+01 dt=4.102471e-03
elapsed=4.947224e+03 cycle=7000 time=2.844465e+01 dt=3.853104e-03
elapsed=5.871972e+03 cycle=8000 time=3.233219e+01 dt=3.963754e-03
elapsed=6.409256e+03 cycle=9000 time=3.633427e+01 dt=4.043727e-03
elapsed=7.332081e+03 cycle=10000 time=4.033457e+01 dt=3.921269e-03
elapsed=7.842428e+03 cycle=11000 time=4.426321e+01 dt=3.946756e-03
elapsed=8.366385e+03 cycle=12000 time=4.818716e+01 dt=3.928453e-03
elapsed=9.279646e+03 cycle=13000 time=5.207418e+01 dt=3.915200e-03
elapsed=9.796149e+03 cycle=14000 time=5.605330e+01 dt=4.011213e-03
elapsed=1.067364e+04 cycle=15000 time=6.007379e+01 dt=3.955516e-03
elapsed=1.118200e+04 cycle=16000 time=6.403812e+01 dt=4.043930e-03
elapsed=1.168590e+04 cycle=17000 time=6.785037e+01 dt=3.355174e-03
elapsed=1.264681e+04 cycle=18000 time=7.101164e+01 dt=3.144458e-03
elapsed=1.315505e+04 cycle=19000 time=7.412893e+01 dt=3.100756e-03
elapsed=1.366418e+04 cycle=20000 time=7.739664e+01 dt=3.282529e-03
elapsed=1.459686e+04 cycle=21000 time=8.054116e+01 dt=3.242436e-03
elapsed=1.509781e+04 cycle=22000 time=8.387585e+01 dt=3.402130e-03
elapsed=1.559960e+04 cycle=23000 time=8.725216e+01 dt=3.632172e-03
elapsed=1.647209e+04 cycle=24000 time=9.083166e+01 dt=3.543072e-03
elapsed=1.698441e+04 cycle=25000 time=9.447460e+01 dt=3.794642e-03
elapsed=1.749107e+04 cycle=26000 time=9.829794e+01 dt=3.891810e-03

Terminating on time limit
time=1.000000e+02 cycle=26458
tlim=1.000000e+02 nlim=-1

MeshBlock-cycles = 1693312
cpu time used  = 1.778568e+04
zone-cycles/cpu_second = 2.495781e+07
particle-updates/cpu_second = 0.000000e+00
