
Root grid = 2 x 2 x 2 MeshBlocks
Total number of MeshBlocks = 64
Number of logical  levels of refinement = 2 (3 levels total)
Number of physical levels of refinement = 1 (2 levels total)
Number of parallel ranks = 64
  Rank = 0: 1 MeshBlocks, cost = 1
  Rank = 1: 1 MeshBlocks, cost = 1
  Rank = 2: 1 MeshBlocks, cost = 1
  Rank = 3: 1 MeshBlocks, cost = 1
  Rank = 4: 1 MeshBlocks, cost = 1
  Rank = 5: 1 MeshBlocks, cost = 1
  Rank = 6: 1 MeshBlocks, cost = 1
  Rank = 7: 1 MeshBlocks, cost = 1
  Rank = 8: 1 MeshBlocks, cost = 1
  Rank = 9: 1 MeshBlocks, cost = 1
  Rank = 10: 1 MeshBlocks, cost = 1
  Rank = 11: 1 MeshBlocks, cost = 1
  Rank = 12: 1 MeshBlocks, cost = 1
  Rank = 13: 1 MeshBlocks, cost = 1
  Rank = 14: 1 MeshBlocks, cost = 1
  Rank = 15: 1 MeshBlocks, cost = 1
  Rank = 16: 1 MeshBlocks, cost = 1
  Rank = 17: 1 MeshBlocks, cost = 1
  Rank = 18: 1 MeshBlocks, cost = 1
  Rank = 19: 1 MeshBlocks, cost = 1
  Rank = 20: 1 MeshBlocks, cost = 1
  Rank = 21: 1 MeshBlocks, cost = 1
  Rank = 22: 1 MeshBlocks, cost = 1
  Rank = 23: 1 MeshBlocks, cost = 1
  Rank = 24: 1 MeshBlocks, cost = 1
  Rank = 25: 1 MeshBlocks, cost = 1
  Rank = 26: 1 MeshBlocks, cost = 1
  Rank = 27: 1 MeshBlocks, cost = 1
  Rank = 28: 1 MeshBlocks, cost = 1
  Rank = 29: 1 MeshBlocks, cost = 1
  Rank = 30: 1 MeshBlocks, cost = 1
  Rank = 31: 1 MeshBlocks, cost = 1
  Rank = 32: 1 MeshBlocks, cost = 1
  Rank = 33: 1 MeshBlocks, cost = 1
  Rank = 34: 1 MeshBlocks, cost = 1
  Rank = 35: 1 MeshBlocks, cost = 1
  Rank = 36: 1 MeshBlocks, cost = 1
  Rank = 37: 1 MeshBlocks, cost = 1
  Rank = 38: 1 MeshBlocks, cost = 1
  Rank = 39: 1 MeshBlocks, cost = 1
  Rank = 40: 1 MeshBlocks, cost = 1
  Rank = 41: 1 MeshBlocks, cost = 1
  Rank = 42: 1 MeshBlocks, cost = 1
  Rank = 43: 1 MeshBlocks, cost = 1
  Rank = 44: 1 MeshBlocks, cost = 1
  Rank = 45: 1 MeshBlocks, cost = 1
  Rank = 46: 1 MeshBlocks, cost = 1
  Rank = 47: 1 MeshBlocks, cost = 1
  Rank = 48: 1 MeshBlocks, cost = 1
  Rank = 49: 1 MeshBlocks, cost = 1
  Rank = 50: 1 MeshBlocks, cost = 1
  Rank = 51: 1 MeshBlocks, cost = 1
  Rank = 52: 1 MeshBlocks, cost = 1
  Rank = 53: 1 MeshBlocks, cost = 1
  Rank = 54: 1 MeshBlocks, cost = 1
  Rank = 55: 1 MeshBlocks, cost = 1
  Rank = 56: 1 MeshBlocks, cost = 1
  Rank = 57: 1 MeshBlocks, cost = 1
  Rank = 58: 1 MeshBlocks, cost = 1
  Rank = 59: 1 MeshBlocks, cost = 1
  Rank = 60: 1 MeshBlocks, cost = 1
  Rank = 61: 1 MeshBlocks, cost = 1
  Rank = 62: 1 MeshBlocks, cost = 1
  Rank = 63: 1 MeshBlocks, cost = 1
Load Balancing:
  Maximum normalized cost = 1, Average = 1

Setup complete, executing task list(s)...

elapsed=4.584498e+02 cycle=0 time=0.000000e+00 dt=2.723191e-02
elapsed=9.729123e+02 cycle=1000 time=3.916515e+00 dt=2.915743e-03
elapsed=1.479718e+03 cycle=2000 time=6.765069e+00 dt=2.962710e-03
elapsed=1.986913e+03 cycle=3000 time=9.725362e+00 dt=2.615947e-03
elapsed=2.901860e+03 cycle=4000 time=1.220328e+01 dt=2.476580e-03
elapsed=3.415035e+03 cycle=5000 time=1.472616e+01 dt=2.627281e-03
elapsed=3.940080e+03 cycle=6000 time=1.720091e+01 dt=2.387805e-03
elapsed=4.465198e+03 cycle=7000 time=1.953836e+01 dt=2.270426e-03
elapsed=5.437328e+03 cycle=8000 time=2.190603e+01 dt=2.519570e-03
elapsed=5.948225e+03 cycle=9000 time=2.450882e+01 dt=2.478855e-03
elapsed=6.458404e+03 cycle=10000 time=2.694853e+01 dt=2.502691e-03
elapsed=6.961978e+03 cycle=11000 time=2.929301e+01 dt=2.175359e-03
elapsed=7.897443e+03 cycle=12000 time=3.144149e+01 dt=2.130351e-03
elapsed=8.403196e+03 cycle=13000 time=3.397125e+01 dt=2.860315e-03
elapsed=8.909952e+03 cycle=14000 time=3.671819e+01 dt=2.581824e-03
elapsed=9.418796e+03 cycle=15000 time=3.936825e+01 dt=2.552636e-03
elapsed=1.035640e+04 cycle=16000 time=4.188131e+01 dt=2.436698e-03
elapsed=1.086657e+04 cycle=17000 time=4.427679e+01 dt=2.533947e-03
elapsed=1.137338e+04 cycle=18000 time=4.679763e+01 dt=2.485098e-03
elapsed=1.187989e+04 cycle=19000 time=4.927822e+01 dt=2.353379e-03
elapsed=1.275543e+04 cycle=20000 time=5.158163e+01 dt=2.130222e-03
elapsed=1.326333e+04 cycle=21000 time=5.369185e+01 dt=2.076241e-03
elapsed=1.377095e+04 cycle=22000 time=5.580135e+01 dt=2.219655e-03
elapsed=1.427968e+04 cycle=23000 time=5.807290e+01 dt=2.232217e-03
elapsed=1.521304e+04 cycle=24000 time=6.032815e+01 dt=2.340056e-03
elapsed=1.571687e+04 cycle=25000 time=6.258659e+01 dt=2.111924e-03
elapsed=1.622030e+04 cycle=26000 time=6.489831e+01 dt=2.507502e-03
elapsed=1.672495e+04 cycle=27000 time=6.721983e+01 dt=2.446998e-03
elapsed=1.722941e+04 cycle=28000 time=6.928399e+01 dt=2.149147e-03
elapsed=1.810546e+04 cycle=29000 time=7.155173e+01 dt=2.211634e-03
elapsed=1.862312e+04 cycle=30000 time=7.375635e+01 dt=2.082013e-03
elapsed=1.914019e+04 cycle=31000 time=7.586479e+01 dt=2.277083e-03
elapsed=1.965822e+04 cycle=32000 time=7.809581e+01 dt=2.073901e-03
elapsed=2.060016e+04 cycle=33000 time=8.008246e+01 dt=2.222501e-03
elapsed=2.111767e+04 cycle=34000 time=8.229666e+01 dt=2.204671e-03
elapsed=2.163614e+04 cycle=35000 time=8.449863e+01 dt=2.300958e-03
elapsed=2.214578e+04 cycle=36000 time=8.663095e+01 dt=2.188177e-03
elapsed=2.264881e+04 cycle=37000 time=8.871629e+01 dt=2.064883e-03
elapsed=2.352407e+04 cycle=38000 time=9.091989e+01 dt=2.389100e-03
elapsed=2.403534e+04 cycle=39000 time=9.326755e+01 dt=2.342592e-03
elapsed=2.454954e+04 cycle=40000 time=9.556305e+01 dt=2.361321e-03
elapsed=2.506124e+04 cycle=41000 time=9.784719e+01 dt=2.325726e-03

Terminating on time limit
time=1.000000e+02 cycle=41916
tlim=1.000000e+02 nlim=-1

MeshBlock-cycles = 2682624
cpu time used  = 2.549270e+04
zone-cycles/cpu_second = 2.758569e+07
particle-updates/cpu_second = 0.000000e+00
