
Root grid = 2 x 1 x 1 MeshBlocks
Total number of MeshBlocks = 16
Number of logical  levels of refinement = 2 (3 levels total)
Number of physical levels of refinement = 1 (2 levels total)
Number of parallel ranks = 16
  Rank = 0: 1 MeshBlocks, cost = 1
  Rank = 1: 1 MeshBlocks, cost = 1
  Rank = 2: 1 MeshBlocks, cost = 1
  Rank = 3: 1 MeshBlocks, cost = 1
  Rank = 4: 1 MeshBlocks, cost = 1
  Rank = 5: 1 MeshBlocks, cost = 1
  Rank = 6: 1 MeshBlocks, cost = 1
  Rank = 7: 1 MeshBlocks, cost = 1
  Rank = 8: 1 MeshBlocks, cost = 1
  Rank = 9: 1 MeshBlocks, cost = 1
  Rank = 10: 1 MeshBlocks, cost = 1
  Rank = 11: 1 MeshBlocks, cost = 1
  Rank = 12: 1 MeshBlocks, cost = 1
  Rank = 13: 1 MeshBlocks, cost = 1
  Rank = 14: 1 MeshBlocks, cost = 1
  Rank = 15: 1 MeshBlocks, cost = 1
Load Balancing:
  Maximum normalized cost = 1, Average = 1

Setup complete, executing task list(s)...

elapsed=3.541603e+00 cycle=0 time=0.000000e+00 dt=6.810412e-04
elapsed=4.695962e+02 cycle=1000 time=7.276693e-01 dt=7.127070e-04
elapsed=9.406923e+02 cycle=2000 time=1.440325e+00 dt=7.126599e-04
elapsed=1.412378e+03 cycle=3000 time=2.152988e+00 dt=7.126628e-04
elapsed=1.885796e+03 cycle=4000 time=2.865650e+00 dt=7.126627e-04
elapsed=2.369639e+03 cycle=5000 time=3.578328e+00 dt=7.126857e-04
elapsed=2.858393e+03 cycle=6000 time=4.291002e+00 dt=7.126680e-04
elapsed=3.351154e+03 cycle=7000 time=5.003671e+00 dt=7.126689e-04
elapsed=3.844568e+03 cycle=8000 time=5.716340e+00 dt=7.126689e-04
elapsed=4.344047e+03 cycle=9000 time=6.429009e+00 dt=7.126689e-04
elapsed=4.845069e+03 cycle=10000 time=7.141678e+00 dt=7.126689e-04
elapsed=5.340930e+03 cycle=11000 time=7.854347e+00 dt=7.126689e-04
elapsed=5.840195e+03 cycle=12000 time=8.567016e+00 dt=7.126689e-04
elapsed=6.338674e+03 cycle=13000 time=9.279684e+00 dt=7.126689e-04
elapsed=6.832732e+03 cycle=14000 time=9.992353e+00 dt=7.126689e-04

Terminating on time limit
time=1.000000e+01 cycle=14011
tlim=1.000000e+01 nlim=-1

MeshBlock-cycles = 224176
cpu time used  = 6.838013e+03
zone-cycles/cpu_second = 8.594075e+06
particle-updates/cpu_second = 0.000000e+00
