
Root grid = 2 x 1 x 1 MeshBlocks
Total number of MeshBlocks = 16
Number of logical  levels of refinement = 2 (3 levels total)
Number of physical levels of refinement = 1 (2 levels total)
Number of parallel ranks = 16
  Rank = 0: 1 MeshBlocks, cost = 1
  Rank = 1: 1 MeshBlocks, cost = 1
  Rank = 2: 1 MeshBlocks, cost = 1
  Rank = 3: 1 MeshBlocks, cost = 1
  Rank = 4: 1 MeshBlocks, cost = 1
  Rank = 5: 1 MeshBlocks, cost = 1
  Rank = 6: 1 MeshBlocks, cost = 1
  Rank = 7: 1 MeshBlocks, cost = 1
  Rank = 8: 1 MeshBlocks, cost = 1
  Rank = 9: 1 MeshBlocks, cost = 1
  Rank = 10: 1 MeshBlocks, cost = 1
  Rank = 11: 1 MeshBlocks, cost = 1
  Rank = 12: 1 MeshBlocks, cost = 1
  Rank = 13: 1 MeshBlocks, cost = 1
  Rank = 14: 1 MeshBlocks, cost = 1
  Rank = 15: 1 MeshBlocks, cost = 1
Load Balancing:
  Maximum normalized cost = 1, Average = 1

Setup complete, executing task list(s)...

elapsed=2.924552e+00 cycle=0 time=0.000000e+00 dt=6.810412e-04
elapsed=4.997921e+02 cycle=1000 time=8.684325e-01 dt=8.102096e-04
elapsed=1.029596e+03 cycle=2000 time=1.679186e+00 dt=8.101947e-04
elapsed=1.537828e+03 cycle=3000 time=2.489485e+00 dt=8.094105e-04
elapsed=2.009367e+03 cycle=4000 time=3.295544e+00 dt=8.066882e-04
elapsed=2.512315e+03 cycle=5000 time=4.091282e+00 dt=7.907868e-04
elapsed=2.986265e+03 cycle=6000 time=4.872058e+00 dt=7.736605e-04
elapsed=3.497932e+03 cycle=7000 time=5.623509e+00 dt=7.366190e-04
elapsed=3.981401e+03 cycle=8000 time=6.354152e+00 dt=7.309575e-04
elapsed=4.496163e+03 cycle=9000 time=7.085681e+00 dt=7.252287e-04
elapsed=4.980844e+03 cycle=10000 time=7.797894e+00 dt=7.035573e-04
elapsed=5.469117e+03 cycle=11000 time=8.503287e+00 dt=7.082234e-04
elapsed=5.956847e+03 cycle=12000 time=9.206334e+00 dt=7.021077e-04
elapsed=6.442417e+03 cycle=13000 time=9.910903e+00 dt=7.046845e-04

Terminating on time limit
time=1.000000e+01 cycle=13127
tlim=1.000000e+01 nlim=-1

MeshBlock-cycles = 210032
cpu time used  = 6.503945e+03
zone-cycles/cpu_second = 8.465420e+06
particle-updates/cpu_second = 0.000000e+00
