
Root grid = 2 x 1 x 1 MeshBlocks
Total number of MeshBlocks = 16
Number of logical  levels of refinement = 2 (3 levels total)
Number of physical levels of refinement = 1 (2 levels total)
Number of parallel ranks = 16
  Rank = 0: 1 MeshBlocks, cost = 1
  Rank = 1: 1 MeshBlocks, cost = 1
  Rank = 2: 1 MeshBlocks, cost = 1
  Rank = 3: 1 MeshBlocks, cost = 1
  Rank = 4: 1 MeshBlocks, cost = 1
  Rank = 5: 1 MeshBlocks, cost = 1
  Rank = 6: 1 MeshBlocks, cost = 1
  Rank = 7: 1 MeshBlocks, cost = 1
  Rank = 8: 1 MeshBlocks, cost = 1
  Rank = 9: 1 MeshBlocks, cost = 1
  Rank = 10: 1 MeshBlocks, cost = 1
  Rank = 11: 1 MeshBlocks, cost = 1
  Rank = 12: 1 MeshBlocks, cost = 1
  Rank = 13: 1 MeshBlocks, cost = 1
  Rank = 14: 1 MeshBlocks, cost = 1
  Rank = 15: 1 MeshBlocks, cost = 1
Load Balancing:
  Maximum normalized cost = 1, Average = 1

Setup complete, executing task list(s)...

elapsed=3.326926e+00 cycle=0 time=0.000000e+00 dt=6.810412e-04
elapsed=4.729534e+02 cycle=1000 time=2.662752e+00 dt=2.630399e-03
elapsed=9.438736e+02 cycle=2000 time=4.470422e+00 dt=1.219616e-03
elapsed=1.444108e+03 cycle=3000 time=5.561840e+00 dt=9.151578e-04
elapsed=1.915827e+03 cycle=4000 time=6.406636e+00 dt=8.032125e-04
elapsed=2.390309e+03 cycle=5000 time=7.186357e+00 dt=7.392096e-04
elapsed=2.866215e+03 cycle=6000 time=7.915851e+00 dt=7.100979e-04
elapsed=3.348542e+03 cycle=7000 time=8.619082e+00 dt=7.064879e-04
elapsed=3.833040e+03 cycle=8000 time=9.326556e+00 dt=7.107918e-04

Terminating on time limit
time=1.000000e+01 cycle=8946
tlim=1.000000e+01 nlim=-1

MeshBlock-cycles = 143136
cpu time used  = 4.289641e+03
zone-cycles/cpu_second = 8.747176e+06
particle-updates/cpu_second = 0.000000e+00
