
Root grid = 2 x 1 x 1 MeshBlocks
Total number of MeshBlocks = 16
Number of logical  levels of refinement = 2 (3 levels total)
Number of physical levels of refinement = 1 (2 levels total)
Number of parallel ranks = 16
  Rank = 0: 1 MeshBlocks, cost = 1
  Rank = 1: 1 MeshBlocks, cost = 1
  Rank = 2: 1 MeshBlocks, cost = 1
  Rank = 3: 1 MeshBlocks, cost = 1
  Rank = 4: 1 MeshBlocks, cost = 1
  Rank = 5: 1 MeshBlocks, cost = 1
  Rank = 6: 1 MeshBlocks, cost = 1
  Rank = 7: 1 MeshBlocks, cost = 1
  Rank = 8: 1 MeshBlocks, cost = 1
  Rank = 9: 1 MeshBlocks, cost = 1
  Rank = 10: 1 MeshBlocks, cost = 1
  Rank = 11: 1 MeshBlocks, cost = 1
  Rank = 12: 1 MeshBlocks, cost = 1
  Rank = 13: 1 MeshBlocks, cost = 1
  Rank = 14: 1 MeshBlocks, cost = 1
  Rank = 15: 1 MeshBlocks, cost = 1
Load Balancing:
  Maximum normalized cost = 1, Average = 1

Setup complete, executing task list(s)...

elapsed=3.226629e+01 cycle=0 time=0.000000e+00 dt=6.810412e-04
elapsed=6.082202e+02 cycle=1000 time=6.719034e+00 dt=2.178401e-03
elapsed=1.094205e+03 cycle=2000 time=8.153308e+00 dt=1.147952e-03
elapsed=1.578093e+03 cycle=3000 time=9.159419e+00 dt=8.528903e-04
elapsed=2.056379e+03 cycle=4000 time=9.979217e+00 dt=7.909516e-04

Terminating on time limit
time=1.000000e+01 cycle=4027
tlim=1.000000e+01 nlim=-1

MeshBlock-cycles = 64432
cpu time used  = 2.040111e+03
zone-cycles/cpu_second = 8.279188e+06
particle-updates/cpu_second = 0.000000e+00
