
Root grid = 2 x 2 x 2 MeshBlocks
Total number of MeshBlocks = 64
Number of logical  levels of refinement = 2 (3 levels total)
Number of physical levels of refinement = 1 (2 levels total)
Number of parallel ranks = 64
  Rank = 0: 1 MeshBlocks, cost = 1
  Rank = 1: 1 MeshBlocks, cost = 1
  Rank = 2: 1 MeshBlocks, cost = 1
  Rank = 3: 1 MeshBlocks, cost = 1
  Rank = 4: 1 MeshBlocks, cost = 1
  Rank = 5: 1 MeshBlocks, cost = 1
  Rank = 6: 1 MeshBlocks, cost = 1
  Rank = 7: 1 MeshBlocks, cost = 1
  Rank = 8: 1 MeshBlocks, cost = 1
  Rank = 9: 1 MeshBlocks, cost = 1
  Rank = 10: 1 MeshBlocks, cost = 1
  Rank = 11: 1 MeshBlocks, cost = 1
  Rank = 12: 1 MeshBlocks, cost = 1
  Rank = 13: 1 MeshBlocks, cost = 1
  Rank = 14: 1 MeshBlocks, cost = 1
  Rank = 15: 1 MeshBlocks, cost = 1
  Rank = 16: 1 MeshBlocks, cost = 1
  Rank = 17: 1 MeshBlocks, cost = 1
  Rank = 18: 1 MeshBlocks, cost = 1
  Rank = 19: 1 MeshBlocks, cost = 1
  Rank = 20: 1 MeshBlocks, cost = 1
  Rank = 21: 1 MeshBlocks, cost = 1
  Rank = 22: 1 MeshBlocks, cost = 1
  Rank = 23: 1 MeshBlocks, cost = 1
  Rank = 24: 1 MeshBlocks, cost = 1
  Rank = 25: 1 MeshBlocks, cost = 1
  Rank = 26: 1 MeshBlocks, cost = 1
  Rank = 27: 1 MeshBlocks, cost = 1
  Rank = 28: 1 MeshBlocks, cost = 1
  Rank = 29: 1 MeshBlocks, cost = 1
  Rank = 30: 1 MeshBlocks, cost = 1
  Rank = 31: 1 MeshBlocks, cost = 1
  Rank = 32: 1 MeshBlocks, cost = 1
  Rank = 33: 1 MeshBlocks, cost = 1
  Rank = 34: 1 MeshBlocks, cost = 1
  Rank = 35: 1 MeshBlocks, cost = 1
  Rank = 36: 1 MeshBlocks, cost = 1
  Rank = 37: 1 MeshBlocks, cost = 1
  Rank = 38: 1 MeshBlocks, cost = 1
  Rank = 39: 1 MeshBlocks, cost = 1
  Rank = 40: 1 MeshBlocks, cost = 1
  Rank = 41: 1 MeshBlocks, cost = 1
  Rank = 42: 1 MeshBlocks, cost = 1
  Rank = 43: 1 MeshBlocks, cost = 1
  Rank = 44: 1 MeshBlocks, cost = 1
  Rank = 45: 1 MeshBlocks, cost = 1
  Rank = 46: 1 MeshBlocks, cost = 1
  Rank = 47: 1 MeshBlocks, cost = 1
  Rank = 48: 1 MeshBlocks, cost = 1
  Rank = 49: 1 MeshBlocks, cost = 1
  Rank = 50: 1 MeshBlocks, cost = 1
  Rank = 51: 1 MeshBlocks, cost = 1
  Rank = 52: 1 MeshBlocks, cost = 1
  Rank = 53: 1 MeshBlocks, cost = 1
  Rank = 54: 1 MeshBlocks, cost = 1
  Rank = 55: 1 MeshBlocks, cost = 1
  Rank = 56: 1 MeshBlocks, cost = 1
  Rank = 57: 1 MeshBlocks, cost = 1
  Rank = 58: 1 MeshBlocks, cost = 1
  Rank = 59: 1 MeshBlocks, cost = 1
  Rank = 60: 1 MeshBlocks, cost = 1
  Rank = 61: 1 MeshBlocks, cost = 1
  Rank = 62: 1 MeshBlocks, cost = 1
  Rank = 63: 1 MeshBlocks, cost = 1
Load Balancing:
  Maximum normalized cost = 1, Average = 1

Setup complete, executing task list(s)...

elapsed=4.575716e+02 cycle=0 time=0.000000e+00 dt=3.558185e-04
elapsed=1.037319e+03 cycle=1000 time=3.683583e-01 dt=3.658495e-04
elapsed=1.609558e+03 cycle=2000 time=7.341977e-01 dt=3.658295e-04
elapsed=2.568597e+03 cycle=3000 time=1.100031e+00 dt=3.658274e-04
elapsed=3.124429e+03 cycle=4000 time=1.465858e+00 dt=3.658270e-04
elapsed=3.681940e+03 cycle=5000 time=1.831685e+00 dt=3.658270e-04
elapsed=4.639306e+03 cycle=6000 time=2.197512e+00 dt=3.658275e-04
elapsed=5.195356e+03 cycle=7000 time=2.563339e+00 dt=3.658268e-04
elapsed=5.751224e+03 cycle=8000 time=2.928722e+00 dt=3.638650e-04
elapsed=6.672008e+03 cycle=9000 time=3.294127e+00 dt=3.658289e-04
elapsed=7.225617e+03 cycle=10000 time=3.659956e+00 dt=3.658291e-04
elapsed=8.232944e+03 cycle=11000 time=4.025784e+00 dt=3.658285e-04
elapsed=8.781726e+03 cycle=12000 time=4.391613e+00 dt=3.658283e-04
elapsed=9.321280e+03 cycle=13000 time=4.757441e+00 dt=3.658283e-04
elapsed=1.026421e+04 cycle=14000 time=5.123269e+00 dt=3.658283e-04
elapsed=1.080450e+04 cycle=15000 time=5.489098e+00 dt=3.658283e-04
elapsed=1.134584e+04 cycle=16000 time=5.854926e+00 dt=3.658283e-04
elapsed=1.232486e+04 cycle=17000 time=6.220754e+00 dt=3.658283e-04
elapsed=1.288315e+04 cycle=18000 time=6.586583e+00 dt=3.658283e-04
elapsed=1.343745e+04 cycle=19000 time=6.952411e+00 dt=3.658283e-04
elapsed=1.435173e+04 cycle=20000 time=7.318239e+00 dt=3.658285e-04
elapsed=1.489900e+04 cycle=21000 time=7.684068e+00 dt=3.658285e-04
elapsed=1.591437e+04 cycle=22000 time=8.049896e+00 dt=3.658284e-04
elapsed=1.645721e+04 cycle=23000 time=8.415724e+00 dt=3.658283e-04
elapsed=1.700125e+04 cycle=24000 time=8.781553e+00 dt=3.658283e-04
elapsed=1.797992e+04 cycle=25000 time=9.147381e+00 dt=3.658283e-04
elapsed=1.853336e+04 cycle=26000 time=9.513209e+00 dt=3.658283e-04
elapsed=1.909160e+04 cycle=27000 time=9.879038e+00 dt=3.658283e-04

Terminating on time limit
time=1.000000e+01 cycle=27331
tlim=1.000000e+01 nlim=-1

MeshBlock-cycles = 1749184
cpu time used  = 1.924566e+04
zone-cycles/cpu_second = 2.382553e+07
particle-updates/cpu_second = 0.000000e+00
