
Root grid = 2 x 1 x 1 MeshBlocks
Total number of MeshBlocks = 16
Number of logical  levels of refinement = 2 (3 levels total)
Number of physical levels of refinement = 1 (2 levels total)
Number of parallel ranks = 16
  Rank = 0: 1 MeshBlocks, cost = 1
  Rank = 1: 1 MeshBlocks, cost = 1
  Rank = 2: 1 MeshBlocks, cost = 1
  Rank = 3: 1 MeshBlocks, cost = 1
  Rank = 4: 1 MeshBlocks, cost = 1
  Rank = 5: 1 MeshBlocks, cost = 1
  Rank = 6: 1 MeshBlocks, cost = 1
  Rank = 7: 1 MeshBlocks, cost = 1
  Rank = 8: 1 MeshBlocks, cost = 1
  Rank = 9: 1 MeshBlocks, cost = 1
  Rank = 10: 1 MeshBlocks, cost = 1
  Rank = 11: 1 MeshBlocks, cost = 1
  Rank = 12: 1 MeshBlocks, cost = 1
  Rank = 13: 1 MeshBlocks, cost = 1
  Rank = 14: 1 MeshBlocks, cost = 1
  Rank = 15: 1 MeshBlocks, cost = 1
Load Balancing:
  Maximum normalized cost = 1, Average = 1

Setup complete, executing task list(s)...

elapsed=3.374644e+01 cycle=0 time=0.000000e+00 dt=8.797899e-04
elapsed=5.292969e+02 cycle=1000 time=7.849262e-01 dt=7.589343e-04
elapsed=1.027583e+03 cycle=2000 time=1.536341e+00 dt=7.469251e-04
elapsed=1.524796e+03 cycle=3000 time=2.277071e+00 dt=7.385863e-04
elapsed=2.049903e+03 cycle=4000 time=3.020457e+00 dt=7.364597e-04
elapsed=2.540428e+03 cycle=5000 time=3.761321e+00 dt=7.428873e-04
elapsed=3.064680e+03 cycle=6000 time=4.503487e+00 dt=7.407924e-04
elapsed=3.590615e+03 cycle=7000 time=5.244574e+00 dt=7.417472e-04
elapsed=4.085731e+03 cycle=8000 time=5.986509e+00 dt=7.418407e-04
elapsed=4.614202e+03 cycle=9000 time=6.728220e+00 dt=7.416578e-04
elapsed=5.111523e+03 cycle=10000 time=7.469890e+00 dt=7.416773e-04
elapsed=5.609391e+03 cycle=11000 time=8.211566e+00 dt=7.416766e-04
elapsed=6.103284e+03 cycle=12000 time=8.953248e+00 dt=7.416880e-04
elapsed=6.600551e+03 cycle=13000 time=9.694936e+00 dt=7.416850e-04

Terminating on time limit
time=1.000000e+01 cycle=13412
tlim=1.000000e+01 nlim=-1

MeshBlock-cycles = 214592
cpu time used  = 6.773396e+03
zone-cycles/cpu_second = 8.305141e+06
particle-updates/cpu_second = 0.000000e+00
