
Root grid = 2 x 2 x 2 MeshBlocks
Total number of MeshBlocks = 64
Number of logical  levels of refinement = 2 (3 levels total)
Number of physical levels of refinement = 1 (2 levels total)
Number of parallel ranks = 64
  Rank = 0: 1 MeshBlocks, cost = 1
  Rank = 1: 1 MeshBlocks, cost = 1
  Rank = 2: 1 MeshBlocks, cost = 1
  Rank = 3: 1 MeshBlocks, cost = 1
  Rank = 4: 1 MeshBlocks, cost = 1
  Rank = 5: 1 MeshBlocks, cost = 1
  Rank = 6: 1 MeshBlocks, cost = 1
  Rank = 7: 1 MeshBlocks, cost = 1
  Rank = 8: 1 MeshBlocks, cost = 1
  Rank = 9: 1 MeshBlocks, cost = 1
  Rank = 10: 1 MeshBlocks, cost = 1
  Rank = 11: 1 MeshBlocks, cost = 1
  Rank = 12: 1 MeshBlocks, cost = 1
  Rank = 13: 1 MeshBlocks, cost = 1
  Rank = 14: 1 MeshBlocks, cost = 1
  Rank = 15: 1 MeshBlocks, cost = 1
  Rank = 16: 1 MeshBlocks, cost = 1
  Rank = 17: 1 MeshBlocks, cost = 1
  Rank = 18: 1 MeshBlocks, cost = 1
  Rank = 19: 1 MeshBlocks, cost = 1
  Rank = 20: 1 MeshBlocks, cost = 1
  Rank = 21: 1 MeshBlocks, cost = 1
  Rank = 22: 1 MeshBlocks, cost = 1
  Rank = 23: 1 MeshBlocks, cost = 1
  Rank = 24: 1 MeshBlocks, cost = 1
  Rank = 25: 1 MeshBlocks, cost = 1
  Rank = 26: 1 MeshBlocks, cost = 1
  Rank = 27: 1 MeshBlocks, cost = 1
  Rank = 28: 1 MeshBlocks, cost = 1
  Rank = 29: 1 MeshBlocks, cost = 1
  Rank = 30: 1 MeshBlocks, cost = 1
  Rank = 31: 1 MeshBlocks, cost = 1
  Rank = 32: 1 MeshBlocks, cost = 1
  Rank = 33: 1 MeshBlocks, cost = 1
  Rank = 34: 1 MeshBlocks, cost = 1
  Rank = 35: 1 MeshBlocks, cost = 1
  Rank = 36: 1 MeshBlocks, cost = 1
  Rank = 37: 1 MeshBlocks, cost = 1
  Rank = 38: 1 MeshBlocks, cost = 1
  Rank = 39: 1 MeshBlocks, cost = 1
  Rank = 40: 1 MeshBlocks, cost = 1
  Rank = 41: 1 MeshBlocks, cost = 1
  Rank = 42: 1 MeshBlocks, cost = 1
  Rank = 43: 1 MeshBlocks, cost = 1
  Rank = 44: 1 MeshBlocks, cost = 1
  Rank = 45: 1 MeshBlocks, cost = 1
  Rank = 46: 1 MeshBlocks, cost = 1
  Rank = 47: 1 MeshBlocks, cost = 1
  Rank = 48: 1 MeshBlocks, cost = 1
  Rank = 49: 1 MeshBlocks, cost = 1
  Rank = 50: 1 MeshBlocks, cost = 1
  Rank = 51: 1 MeshBlocks, cost = 1
  Rank = 52: 1 MeshBlocks, cost = 1
  Rank = 53: 1 MeshBlocks, cost = 1
  Rank = 54: 1 MeshBlocks, cost = 1
  Rank = 55: 1 MeshBlocks, cost = 1
  Rank = 56: 1 MeshBlocks, cost = 1
  Rank = 57: 1 MeshBlocks, cost = 1
  Rank = 58: 1 MeshBlocks, cost = 1
  Rank = 59: 1 MeshBlocks, cost = 1
  Rank = 60: 1 MeshBlocks, cost = 1
  Rank = 61: 1 MeshBlocks, cost = 1
  Rank = 62: 1 MeshBlocks, cost = 1
  Rank = 63: 1 MeshBlocks, cost = 1
Load Balancing:
  Maximum normalized cost = 1, Average = 1

Setup complete, executing task list(s)...

elapsed=4.279158e+02 cycle=0 time=0.000000e+00 dt=3.558185e-04
elapsed=9.962458e+02 cycle=1000 time=3.683582e-01 dt=3.658496e-04
elapsed=1.565581e+03 cycle=2000 time=7.341977e-01 dt=3.658294e-04
elapsed=2.548276e+03 cycle=3000 time=1.100031e+00 dt=3.658275e-04
elapsed=3.104914e+03 cycle=4000 time=1.465858e+00 dt=3.658270e-04
elapsed=3.657705e+03 cycle=5000 time=1.831685e+00 dt=3.658270e-04
elapsed=4.603895e+03 cycle=6000 time=2.197512e+00 dt=3.658275e-04
elapsed=5.154092e+03 cycle=7000 time=2.563339e+00 dt=3.658269e-04
elapsed=5.703962e+03 cycle=8000 time=2.928893e+00 dt=3.648778e-04
elapsed=6.715900e+03 cycle=9000 time=3.294639e+00 dt=3.658287e-04
elapsed=7.273005e+03 cycle=10000 time=3.660468e+00 dt=3.658289e-04
elapsed=8.255321e+03 cycle=11000 time=4.026296e+00 dt=3.658284e-04
elapsed=8.799892e+03 cycle=12000 time=4.392124e+00 dt=3.658282e-04
elapsed=9.346364e+03 cycle=13000 time=4.757953e+00 dt=3.658282e-04
elapsed=1.026142e+04 cycle=14000 time=5.123781e+00 dt=3.658282e-04
elapsed=1.081190e+04 cycle=15000 time=5.489609e+00 dt=3.658282e-04
elapsed=1.136486e+04 cycle=16000 time=5.855437e+00 dt=3.658281e-04
elapsed=1.234451e+04 cycle=17000 time=6.221265e+00 dt=3.658281e-04
elapsed=1.289013e+04 cycle=18000 time=6.587094e+00 dt=3.658281e-04
elapsed=1.343654e+04 cycle=19000 time=6.952922e+00 dt=3.658281e-04
elapsed=1.437920e+04 cycle=20000 time=7.318750e+00 dt=3.658282e-04
elapsed=1.493032e+04 cycle=21000 time=7.684578e+00 dt=3.658283e-04
elapsed=1.587448e+04 cycle=22000 time=8.050406e+00 dt=3.658283e-04
elapsed=1.643430e+04 cycle=23000 time=8.416235e+00 dt=3.658281e-04
elapsed=1.699134e+04 cycle=24000 time=8.782063e+00 dt=3.658282e-04
elapsed=1.798584e+04 cycle=25000 time=9.147891e+00 dt=3.658282e-04
elapsed=1.855302e+04 cycle=26000 time=9.513719e+00 dt=3.658282e-04
elapsed=1.912598e+04 cycle=27000 time=9.879547e+00 dt=3.658282e-04
