
Root grid = 2 x 2 x 2 MeshBlocks
Total number of MeshBlocks = 64
Number of logical  levels of refinement = 2 (3 levels total)
Number of physical levels of refinement = 1 (2 levels total)
Number of parallel ranks = 64
  Rank = 0: 1 MeshBlocks, cost = 1
  Rank = 1: 1 MeshBlocks, cost = 1
  Rank = 2: 1 MeshBlocks, cost = 1
  Rank = 3: 1 MeshBlocks, cost = 1
  Rank = 4: 1 MeshBlocks, cost = 1
  Rank = 5: 1 MeshBlocks, cost = 1
  Rank = 6: 1 MeshBlocks, cost = 1
  Rank = 7: 1 MeshBlocks, cost = 1
  Rank = 8: 1 MeshBlocks, cost = 1
  Rank = 9: 1 MeshBlocks, cost = 1
  Rank = 10: 1 MeshBlocks, cost = 1
  Rank = 11: 1 MeshBlocks, cost = 1
  Rank = 12: 1 MeshBlocks, cost = 1
  Rank = 13: 1 MeshBlocks, cost = 1
  Rank = 14: 1 MeshBlocks, cost = 1
  Rank = 15: 1 MeshBlocks, cost = 1
  Rank = 16: 1 MeshBlocks, cost = 1
  Rank = 17: 1 MeshBlocks, cost = 1
  Rank = 18: 1 MeshBlocks, cost = 1
  Rank = 19: 1 MeshBlocks, cost = 1
  Rank = 20: 1 MeshBlocks, cost = 1
  Rank = 21: 1 MeshBlocks, cost = 1
  Rank = 22: 1 MeshBlocks, cost = 1
  Rank = 23: 1 MeshBlocks, cost = 1
  Rank = 24: 1 MeshBlocks, cost = 1
  Rank = 25: 1 MeshBlocks, cost = 1
  Rank = 26: 1 MeshBlocks, cost = 1
  Rank = 27: 1 MeshBlocks, cost = 1
  Rank = 28: 1 MeshBlocks, cost = 1
  Rank = 29: 1 MeshBlocks, cost = 1
  Rank = 30: 1 MeshBlocks, cost = 1
  Rank = 31: 1 MeshBlocks, cost = 1
  Rank = 32: 1 MeshBlocks, cost = 1
  Rank = 33: 1 MeshBlocks, cost = 1
  Rank = 34: 1 MeshBlocks, cost = 1
  Rank = 35: 1 MeshBlocks, cost = 1
  Rank = 36: 1 MeshBlocks, cost = 1
  Rank = 37: 1 MeshBlocks, cost = 1
  Rank = 38: 1 MeshBlocks, cost = 1
  Rank = 39: 1 MeshBlocks, cost = 1
  Rank = 40: 1 MeshBlocks, cost = 1
  Rank = 41: 1 MeshBlocks, cost = 1
  Rank = 42: 1 MeshBlocks, cost = 1
  Rank = 43: 1 MeshBlocks, cost = 1
  Rank = 44: 1 MeshBlocks, cost = 1
  Rank = 45: 1 MeshBlocks, cost = 1
  Rank = 46: 1 MeshBlocks, cost = 1
  Rank = 47: 1 MeshBlocks, cost = 1
  Rank = 48: 1 MeshBlocks, cost = 1
  Rank = 49: 1 MeshBlocks, cost = 1
  Rank = 50: 1 MeshBlocks, cost = 1
  Rank = 51: 1 MeshBlocks, cost = 1
  Rank = 52: 1 MeshBlocks, cost = 1
  Rank = 53: 1 MeshBlocks, cost = 1
  Rank = 54: 1 MeshBlocks, cost = 1
  Rank = 55: 1 MeshBlocks, cost = 1
  Rank = 56: 1 MeshBlocks, cost = 1
  Rank = 57: 1 MeshBlocks, cost = 1
  Rank = 58: 1 MeshBlocks, cost = 1
  Rank = 59: 1 MeshBlocks, cost = 1
  Rank = 60: 1 MeshBlocks, cost = 1
  Rank = 61: 1 MeshBlocks, cost = 1
  Rank = 62: 1 MeshBlocks, cost = 1
  Rank = 63: 1 MeshBlocks, cost = 1
Load Balancing:
  Maximum normalized cost = 1, Average = 1

Setup complete, executing task list(s)...

elapsed=4.578460e+02 cycle=0 time=0.000000e+00 dt=3.558185e-04
elapsed=1.016250e+03 cycle=1000 time=3.660912e-01 dt=3.658244e-04
elapsed=1.566618e+03 cycle=2000 time=7.319171e-01 dt=3.658260e-04
elapsed=2.517118e+03 cycle=3000 time=1.097743e+00 dt=3.658260e-04
elapsed=3.076466e+03 cycle=4000 time=1.463569e+00 dt=3.658260e-04
elapsed=3.634566e+03 cycle=5000 time=1.829395e+00 dt=3.658260e-04
elapsed=4.589992e+03 cycle=6000 time=2.195221e+00 dt=3.658260e-04
elapsed=5.147896e+03 cycle=7000 time=2.561047e+00 dt=3.658260e-04
elapsed=5.694398e+03 cycle=8000 time=2.926873e+00 dt=3.658260e-04
elapsed=6.612601e+03 cycle=9000 time=3.292699e+00 dt=3.658260e-04
elapsed=7.167386e+03 cycle=10000 time=3.658525e+00 dt=3.658260e-04
elapsed=8.145699e+03 cycle=11000 time=4.024351e+00 dt=3.658260e-04
elapsed=8.700341e+03 cycle=12000 time=4.390177e+00 dt=3.658260e-04
elapsed=9.248811e+03 cycle=13000 time=4.756003e+00 dt=3.658260e-04
elapsed=1.023727e+04 cycle=14000 time=5.121829e+00 dt=3.658260e-04
elapsed=1.079087e+04 cycle=15000 time=5.487656e+00 dt=3.658260e-04
elapsed=1.134083e+04 cycle=16000 time=5.853482e+00 dt=3.658260e-04
elapsed=1.229099e+04 cycle=17000 time=6.219308e+00 dt=3.658260e-04
elapsed=1.284479e+04 cycle=18000 time=6.585134e+00 dt=3.658260e-04
elapsed=1.340053e+04 cycle=19000 time=6.950960e+00 dt=3.658260e-04
elapsed=1.438049e+04 cycle=20000 time=7.316786e+00 dt=3.658260e-04
elapsed=1.493663e+04 cycle=21000 time=7.682612e+00 dt=3.658260e-04
elapsed=1.595145e+04 cycle=22000 time=8.048438e+00 dt=3.658260e-04
elapsed=1.650655e+04 cycle=23000 time=8.414264e+00 dt=3.658260e-04
elapsed=1.705552e+04 cycle=24000 time=8.780090e+00 dt=3.658260e-04
elapsed=1.806707e+04 cycle=25000 time=9.145916e+00 dt=3.658260e-04
elapsed=1.862451e+04 cycle=26000 time=9.511742e+00 dt=3.658260e-04
elapsed=1.917472e+04 cycle=27000 time=9.877568e+00 dt=3.658260e-04

Terminating on time limit
time=1.000000e+01 cycle=27335
tlim=1.000000e+01 nlim=-1

MeshBlock-cycles = 1749440
cpu time used  = 1.926690e+04
zone-cycles/cpu_second = 2.380275e+07
particle-updates/cpu_second = 0.000000e+00
