
Root grid = 2 x 2 x 2 MeshBlocks
Total number of MeshBlocks = 64
Number of logical  levels of refinement = 2 (3 levels total)
Number of physical levels of refinement = 1 (2 levels total)
Number of parallel ranks = 64
  Rank = 0: 1 MeshBlocks, cost = 1
  Rank = 1: 1 MeshBlocks, cost = 1
  Rank = 2: 1 MeshBlocks, cost = 1
  Rank = 3: 1 MeshBlocks, cost = 1
  Rank = 4: 1 MeshBlocks, cost = 1
  Rank = 5: 1 MeshBlocks, cost = 1
  Rank = 6: 1 MeshBlocks, cost = 1
  Rank = 7: 1 MeshBlocks, cost = 1
  Rank = 8: 1 MeshBlocks, cost = 1
  Rank = 9: 1 MeshBlocks, cost = 1
  Rank = 10: 1 MeshBlocks, cost = 1
  Rank = 11: 1 MeshBlocks, cost = 1
  Rank = 12: 1 MeshBlocks, cost = 1
  Rank = 13: 1 MeshBlocks, cost = 1
  Rank = 14: 1 MeshBlocks, cost = 1
  Rank = 15: 1 MeshBlocks, cost = 1
  Rank = 16: 1 MeshBlocks, cost = 1
  Rank = 17: 1 MeshBlocks, cost = 1
  Rank = 18: 1 MeshBlocks, cost = 1
  Rank = 19: 1 MeshBlocks, cost = 1
  Rank = 20: 1 MeshBlocks, cost = 1
  Rank = 21: 1 MeshBlocks, cost = 1
  Rank = 22: 1 MeshBlocks, cost = 1
  Rank = 23: 1 MeshBlocks, cost = 1
  Rank = 24: 1 MeshBlocks, cost = 1
  Rank = 25: 1 MeshBlocks, cost = 1
  Rank = 26: 1 MeshBlocks, cost = 1
  Rank = 27: 1 MeshBlocks, cost = 1
  Rank = 28: 1 MeshBlocks, cost = 1
  Rank = 29: 1 MeshBlocks, cost = 1
  Rank = 30: 1 MeshBlocks, cost = 1
  Rank = 31: 1 MeshBlocks, cost = 1
  Rank = 32: 1 MeshBlocks, cost = 1
  Rank = 33: 1 MeshBlocks, cost = 1
  Rank = 34: 1 MeshBlocks, cost = 1
  Rank = 35: 1 MeshBlocks, cost = 1
  Rank = 36: 1 MeshBlocks, cost = 1
  Rank = 37: 1 MeshBlocks, cost = 1
  Rank = 38: 1 MeshBlocks, cost = 1
  Rank = 39: 1 MeshBlocks, cost = 1
  Rank = 40: 1 MeshBlocks, cost = 1
  Rank = 41: 1 MeshBlocks, cost = 1
  Rank = 42: 1 MeshBlocks, cost = 1
  Rank = 43: 1 MeshBlocks, cost = 1
  Rank = 44: 1 MeshBlocks, cost = 1
  Rank = 45: 1 MeshBlocks, cost = 1
  Rank = 46: 1 MeshBlocks, cost = 1
  Rank = 47: 1 MeshBlocks, cost = 1
  Rank = 48: 1 MeshBlocks, cost = 1
  Rank = 49: 1 MeshBlocks, cost = 1
  Rank = 50: 1 MeshBlocks, cost = 1
  Rank = 51: 1 MeshBlocks, cost = 1
  Rank = 52: 1 MeshBlocks, cost = 1
  Rank = 53: 1 MeshBlocks, cost = 1
  Rank = 54: 1 MeshBlocks, cost = 1
  Rank = 55: 1 MeshBlocks, cost = 1
  Rank = 56: 1 MeshBlocks, cost = 1
  Rank = 57: 1 MeshBlocks, cost = 1
  Rank = 58: 1 MeshBlocks, cost = 1
  Rank = 59: 1 MeshBlocks, cost = 1
  Rank = 60: 1 MeshBlocks, cost = 1
  Rank = 61: 1 MeshBlocks, cost = 1
  Rank = 62: 1 MeshBlocks, cost = 1
  Rank = 63: 1 MeshBlocks, cost = 1
Load Balancing:
  Maximum normalized cost = 1, Average = 1

Setup complete, executing task list(s)...

elapsed=3.974332e+02 cycle=0 time=0.000000e+00 dt=3.558185e-04
elapsed=9.662146e+02 cycle=1000 time=3.660874e-01 dt=3.658244e-04
elapsed=1.534315e+03 cycle=2000 time=7.319134e-01 dt=3.658260e-04
elapsed=2.454035e+03 cycle=3000 time=1.097739e+00 dt=3.658260e-04
elapsed=3.010208e+03 cycle=4000 time=1.463565e+00 dt=3.658260e-04
elapsed=3.570583e+03 cycle=5000 time=1.829392e+00 dt=3.658260e-04
elapsed=4.493871e+03 cycle=6000 time=2.195218e+00 dt=3.658260e-04
elapsed=5.046776e+03 cycle=7000 time=2.561044e+00 dt=3.658260e-04
elapsed=5.595733e+03 cycle=8000 time=2.926870e+00 dt=3.658260e-04
elapsed=6.572513e+03 cycle=9000 time=3.292696e+00 dt=3.658260e-04
elapsed=7.121010e+03 cycle=10000 time=3.658522e+00 dt=3.658260e-04
elapsed=8.094207e+03 cycle=11000 time=4.024348e+00 dt=3.658260e-04
elapsed=8.644972e+03 cycle=12000 time=4.390174e+00 dt=3.658260e-04
elapsed=9.195059e+03 cycle=13000 time=4.756000e+00 dt=3.658260e-04
elapsed=1.014430e+04 cycle=14000 time=5.121826e+00 dt=3.658260e-04
elapsed=1.070053e+04 cycle=15000 time=5.487652e+00 dt=3.658260e-04
elapsed=1.125358e+04 cycle=16000 time=5.853478e+00 dt=3.658260e-04
elapsed=1.222937e+04 cycle=17000 time=6.219304e+00 dt=3.658260e-04
elapsed=1.277227e+04 cycle=18000 time=6.585130e+00 dt=3.658260e-04
elapsed=1.331616e+04 cycle=19000 time=6.950956e+00 dt=3.658260e-04
elapsed=1.425291e+04 cycle=20000 time=7.316782e+00 dt=3.658260e-04
elapsed=1.479201e+04 cycle=21000 time=7.682608e+00 dt=3.658260e-04
elapsed=1.567177e+04 cycle=22000 time=8.048434e+00 dt=3.658260e-04
elapsed=1.621583e+04 cycle=23000 time=8.414260e+00 dt=3.658260e-04
elapsed=1.675638e+04 cycle=24000 time=8.780086e+00 dt=3.658260e-04
elapsed=1.766428e+04 cycle=25000 time=9.145912e+00 dt=3.658260e-04
elapsed=1.820797e+04 cycle=26000 time=9.511738e+00 dt=3.658260e-04
elapsed=1.875027e+04 cycle=27000 time=9.877565e+00 dt=3.658260e-04

Terminating on time limit
time=1.000000e+01 cycle=27335
tlim=1.000000e+01 nlim=-1

MeshBlock-cycles = 1749440
cpu time used  = 1.896192e+04
zone-cycles/cpu_second = 2.418559e+07
particle-updates/cpu_second = 0.000000e+00
