
Root grid = 2 x 1 x 1 MeshBlocks
Total number of MeshBlocks = 16
Number of logical  levels of refinement = 2 (3 levels total)
Number of physical levels of refinement = 1 (2 levels total)
Number of parallel ranks = 16
  Rank = 0: 1 MeshBlocks, cost = 1
  Rank = 1: 1 MeshBlocks, cost = 1
  Rank = 2: 1 MeshBlocks, cost = 1
  Rank = 3: 1 MeshBlocks, cost = 1
  Rank = 4: 1 MeshBlocks, cost = 1
  Rank = 5: 1 MeshBlocks, cost = 1
  Rank = 6: 1 MeshBlocks, cost = 1
  Rank = 7: 1 MeshBlocks, cost = 1
  Rank = 8: 1 MeshBlocks, cost = 1
  Rank = 9: 1 MeshBlocks, cost = 1
  Rank = 10: 1 MeshBlocks, cost = 1
  Rank = 11: 1 MeshBlocks, cost = 1
  Rank = 12: 1 MeshBlocks, cost = 1
  Rank = 13: 1 MeshBlocks, cost = 1
  Rank = 14: 1 MeshBlocks, cost = 1
  Rank = 15: 1 MeshBlocks, cost = 1
Load Balancing:
  Maximum normalized cost = 1, Average = 1

Setup complete, executing task list(s)...

elapsed=3.309995e+01 cycle=0 time=0.000000e+00 dt=5.446383e-02
elapsed=4.461154e+02 cycle=1000 time=5.446383e-02 dt=4.902203e-22
elapsed=8.593346e+02 cycle=2000 time=5.446383e-02 dt=6.967988e-22
elapsed=1.271215e+03 cycle=3000 time=5.446383e-02 dt=7.388772e-22
elapsed=1.681531e+03 cycle=4000 time=5.446383e-02 dt=8.106412e-22
elapsed=2.092466e+03 cycle=5000 time=5.446383e-02 dt=8.721047e-22
elapsed=2.503578e+03 cycle=6000 time=5.446383e-02 dt=9.333851e-22
elapsed=2.915740e+03 cycle=7000 time=5.446383e-02 dt=9.629999e-22
elapsed=3.328071e+03 cycle=8000 time=5.446383e-02 dt=1.008244e-21
elapsed=3.738830e+03 cycle=9000 time=5.446383e-02 dt=1.027546e-21
elapsed=4.149234e+03 cycle=10000 time=5.446383e-02 dt=9.702933e-22
elapsed=4.559849e+03 cycle=11000 time=5.446383e-02 dt=9.034554e-22
elapsed=4.970375e+03 cycle=12000 time=5.446383e-02 dt=8.542481e-22
elapsed=5.381198e+03 cycle=13000 time=5.446383e-02 dt=8.227630e-22
elapsed=5.792420e+03 cycle=14000 time=5.446383e-02 dt=8.428773e-22
elapsed=6.203675e+03 cycle=15000 time=5.446383e-02 dt=9.082611e-22
elapsed=6.614495e+03 cycle=16000 time=5.446383e-02 dt=8.978243e-22
elapsed=7.025203e+03 cycle=17000 time=5.446383e-02 dt=8.107247e-22
elapsed=7.436057e+03 cycle=18000 time=5.446383e-02 dt=7.421587e-22
elapsed=7.847466e+03 cycle=19000 time=5.446383e-02 dt=7.081528e-22
elapsed=8.258812e+03 cycle=20000 time=5.446383e-02 dt=6.012254e-22
elapsed=8.670168e+03 cycle=21000 time=5.446383e-02 dt=5.751763e-22
elapsed=9.082027e+03 cycle=22000 time=5.446383e-02 dt=4.941907e-22
elapsed=9.493227e+03 cycle=23000 time=5.446383e-02 dt=4.712761e-22
elapsed=9.904634e+03 cycle=24000 time=5.446383e-02 dt=4.937009e-22
elapsed=1.031708e+04 cycle=25000 time=5.446383e-02 dt=5.112607e-22
elapsed=1.072981e+04 cycle=26000 time=5.446383e-02 dt=5.303811e-22
elapsed=1.114260e+04 cycle=27000 time=5.446383e-02 dt=5.272368e-22
elapsed=1.155609e+04 cycle=28000 time=5.446383e-02 dt=5.619147e-22
elapsed=1.197000e+04 cycle=29000 time=5.446383e-02 dt=5.195040e-22
elapsed=1.238412e+04 cycle=30000 time=5.446383e-02 dt=4.319892e-22
elapsed=1.279791e+04 cycle=31000 time=5.446383e-02 dt=4.987175e-22
elapsed=1.321090e+04 cycle=32000 time=5.446383e-02 dt=5.273067e-22
elapsed=1.362241e+04 cycle=33000 time=5.446383e-02 dt=5.742164e-22
elapsed=1.403338e+04 cycle=34000 time=5.446383e-02 dt=6.055686e-22
elapsed=1.444415e+04 cycle=35000 time=5.446383e-02 dt=6.175766e-22
elapsed=1.485501e+04 cycle=36000 time=5.446383e-02 dt=5.459496e-22
elapsed=1.526720e+04 cycle=37000 time=5.446383e-02 dt=5.339065e-22
elapsed=1.568036e+04 cycle=38000 time=5.446383e-02 dt=4.934217e-22
elapsed=1.609315e+04 cycle=39000 time=5.446383e-02 dt=5.039221e-22
elapsed=1.650739e+04 cycle=40000 time=5.446383e-02 dt=5.767672e-22
elapsed=1.692198e+04 cycle=41000 time=5.446383e-02 dt=5.549817e-22
elapsed=1.733631e+04 cycle=42000 time=5.446383e-02 dt=6.354383e-22
elapsed=1.775017e+04 cycle=43000 time=5.446383e-02 dt=6.084303e-22
elapsed=1.816360e+04 cycle=44000 time=5.446383e-02 dt=6.876428e-22
elapsed=1.857689e+04 cycle=45000 time=5.446383e-02 dt=6.996503e-22
elapsed=1.899025e+04 cycle=46000 time=5.446383e-02 dt=7.211834e-22
elapsed=1.940364e+04 cycle=47000 time=5.446383e-02 dt=6.632065e-22
elapsed=1.981712e+04 cycle=48000 time=5.446383e-02 dt=6.590365e-22
elapsed=2.023073e+04 cycle=49000 time=5.446383e-02 dt=6.408268e-22
elapsed=2.064380e+04 cycle=50000 time=5.446383e-02 dt=6.735885e-22
elapsed=2.105638e+04 cycle=51000 time=5.446383e-02 dt=6.760046e-22
elapsed=2.146919e+04 cycle=52000 time=5.446383e-02 dt=7.068261e-22
elapsed=2.188170e+04 cycle=53000 time=5.446383e-02 dt=7.299515e-22
elapsed=2.229402e+04 cycle=54000 time=5.446383e-02 dt=6.862314e-22
elapsed=2.270646e+04 cycle=55000 time=5.446383e-02 dt=6.966900e-22
elapsed=2.311845e+04 cycle=56000 time=5.446383e-02 dt=7.366401e-22
elapsed=2.353034e+04 cycle=57000 time=5.446383e-02 dt=7.599573e-22
elapsed=2.394222e+04 cycle=58000 time=5.446383e-02 dt=7.775906e-22
elapsed=2.435428e+04 cycle=59000 time=5.446383e-02 dt=8.382854e-22
elapsed=2.476610e+04 cycle=60000 time=5.446383e-02 dt=8.456185e-22
elapsed=2.517803e+04 cycle=61000 time=5.446383e-02 dt=8.375799e-22
elapsed=2.558881e+04 cycle=62000 time=5.446383e-02 dt=8.402914e-22
elapsed=2.599896e+04 cycle=63000 time=5.446383e-02 dt=8.551707e-22
elapsed=2.640862e+04 cycle=64000 time=5.446383e-02 dt=8.657255e-22
elapsed=2.681828e+04 cycle=65000 time=5.446383e-02 dt=8.646932e-22
elapsed=2.722827e+04 cycle=66000 time=5.446383e-02 dt=8.894748e-22
elapsed=2.763801e+04 cycle=67000 time=5.446383e-02 dt=9.089772e-22
elapsed=2.804764e+04 cycle=68000 time=5.446383e-02 dt=9.385060e-22
elapsed=2.845725e+04 cycle=69000 time=5.446383e-02 dt=9.618535e-22
elapsed=2.886677e+04 cycle=70000 time=5.446383e-02 dt=9.766876e-22
elapsed=2.927623e+04 cycle=71000 time=5.446383e-02 dt=9.793091e-22
elapsed=2.968594e+04 cycle=72000 time=5.446383e-02 dt=9.919658e-22
elapsed=3.009560e+04 cycle=73000 time=5.446383e-02 dt=1.024059e-21
elapsed=3.050549e+04 cycle=74000 time=5.446383e-02 dt=1.032753e-21
elapsed=3.091601e+04 cycle=75000 time=5.446383e-02 dt=1.029724e-21
elapsed=3.132690e+04 cycle=76000 time=5.446383e-02 dt=1.030510e-21
elapsed=3.173788e+04 cycle=77000 time=5.446383e-02 dt=1.032772e-21
elapsed=3.214873e+04 cycle=78000 time=5.446383e-02 dt=1.035257e-21
elapsed=3.255971e+04 cycle=79000 time=5.446383e-02 dt=1.036296e-21
elapsed=3.297053e+04 cycle=80000 time=5.446383e-02 dt=1.036526e-21
elapsed=3.338098e+04 cycle=81000 time=5.446383e-02 dt=1.036058e-21
elapsed=3.379119e+04 cycle=82000 time=5.446383e-02 dt=1.035090e-21
elapsed=3.420124e+04 cycle=83000 time=5.446383e-02 dt=1.034442e-21
elapsed=3.461108e+04 cycle=84000 time=5.446383e-02 dt=1.034566e-21
elapsed=3.502062e+04 cycle=85000 time=5.446383e-02 dt=1.034678e-21
elapsed=3.542970e+04 cycle=86000 time=5.446383e-02 dt=1.035345e-21
elapsed=3.583894e+04 cycle=87000 time=5.446383e-02 dt=1.036828e-21
elapsed=3.624832e+04 cycle=88000 time=5.446383e-02 dt=1.039263e-21
elapsed=3.665804e+04 cycle=89000 time=5.446383e-02 dt=1.037678e-21
elapsed=3.706766e+04 cycle=90000 time=5.446383e-02 dt=1.034456e-21
elapsed=3.747721e+04 cycle=91000 time=5.446383e-02 dt=1.031539e-21
elapsed=3.788672e+04 cycle=92000 time=5.446383e-02 dt=1.030256e-21
elapsed=3.829620e+04 cycle=93000 time=5.446383e-02 dt=1.029731e-21
elapsed=3.870548e+04 cycle=94000 time=5.446383e-02 dt=1.029359e-21
elapsed=3.911460e+04 cycle=95000 time=5.446383e-02 dt=1.028248e-21
elapsed=3.952349e+04 cycle=96000 time=5.446383e-02 dt=1.026163e-21
elapsed=3.993216e+04 cycle=97000 time=5.446383e-02 dt=1.024145e-21
elapsed=4.034077e+04 cycle=98000 time=5.446383e-02 dt=1.028895e-21
elapsed=4.074949e+04 cycle=99000 time=5.446383e-02 dt=1.031547e-21
elapsed=4.115829e+04 cycle=100000 time=5.446383e-02 dt=1.038045e-21
elapsed=4.156717e+04 cycle=101000 time=5.446383e-02 dt=1.035696e-21
elapsed=4.197633e+04 cycle=102000 time=5.446383e-02 dt=1.032437e-21
elapsed=4.238548e+04 cycle=103000 time=5.446383e-02 dt=1.033982e-21
elapsed=4.279468e+04 cycle=104000 time=5.446383e-02 dt=1.043954e-21
elapsed=4.320399e+04 cycle=105000 time=5.446383e-02 dt=1.047683e-21
elapsed=4.361326e+04 cycle=106000 time=5.446383e-02 dt=1.048021e-21
elapsed=4.402264e+04 cycle=107000 time=5.446383e-02 dt=1.048853e-21
elapsed=4.443202e+04 cycle=108000 time=5.446383e-02 dt=1.049612e-21
elapsed=4.484136e+04 cycle=109000 time=5.446383e-02 dt=1.050035e-21
elapsed=4.525065e+04 cycle=110000 time=5.446383e-02 dt=1.050167e-21
elapsed=4.565983e+04 cycle=111000 time=5.446383e-02 dt=1.050256e-21
elapsed=4.606895e+04 cycle=112000 time=5.446383e-02 dt=1.050453e-21
elapsed=4.647797e+04 cycle=113000 time=5.446383e-02 dt=1.050714e-21
elapsed=4.688689e+04 cycle=114000 time=5.446383e-02 dt=1.051113e-21
elapsed=4.729575e+04 cycle=115000 time=5.446383e-02 dt=1.051790e-21
elapsed=4.770463e+04 cycle=116000 time=5.446383e-02 dt=1.052102e-21
elapsed=4.811353e+04 cycle=117000 time=5.446383e-02 dt=1.052424e-21
elapsed=4.852242e+04 cycle=118000 time=5.446383e-02 dt=1.052673e-21
elapsed=4.893133e+04 cycle=119000 time=5.446383e-02 dt=1.053107e-21
elapsed=4.934035e+04 cycle=120000 time=5.446383e-02 dt=1.053671e-21
elapsed=4.974937e+04 cycle=121000 time=5.446383e-02 dt=1.054031e-21
elapsed=5.015836e+04 cycle=122000 time=5.446383e-02 dt=1.054336e-21
elapsed=5.056736e+04 cycle=123000 time=5.446383e-02 dt=1.054699e-21
elapsed=5.097641e+04 cycle=124000 time=5.446383e-02 dt=1.055050e-21
elapsed=5.138550e+04 cycle=125000 time=5.446383e-02 dt=1.055368e-21
elapsed=5.179460e+04 cycle=126000 time=5.446383e-02 dt=1.055688e-21
elapsed=5.220366e+04 cycle=127000 time=5.446383e-02 dt=1.056002e-21
elapsed=5.261268e+04 cycle=128000 time=5.446383e-02 dt=1.056302e-21
elapsed=5.302168e+04 cycle=129000 time=5.446383e-02 dt=1.056599e-21
elapsed=5.343066e+04 cycle=130000 time=5.446383e-02 dt=1.056896e-21
elapsed=5.383958e+04 cycle=131000 time=5.446383e-02 dt=1.057202e-21
elapsed=5.424850e+04 cycle=132000 time=5.446383e-02 dt=1.057488e-21
elapsed=5.465741e+04 cycle=133000 time=5.446383e-02 dt=1.057768e-21
elapsed=5.506627e+04 cycle=134000 time=5.446383e-02 dt=1.058044e-21
elapsed=5.547519e+04 cycle=135000 time=5.446383e-02 dt=1.058323e-21
elapsed=5.588415e+04 cycle=136000 time=5.446383e-02 dt=1.058597e-21
elapsed=5.629304e+04 cycle=137000 time=5.446383e-02 dt=1.058862e-21
elapsed=5.670192e+04 cycle=138000 time=5.446383e-02 dt=1.059122e-21
elapsed=5.711085e+04 cycle=139000 time=5.446383e-02 dt=1.059381e-21
elapsed=5.751979e+04 cycle=140000 time=5.446383e-02 dt=1.059634e-21
elapsed=5.792878e+04 cycle=141000 time=5.446383e-02 dt=1.059883e-21
elapsed=5.833777e+04 cycle=142000 time=5.446383e-02 dt=1.060128e-21
elapsed=5.874673e+04 cycle=143000 time=5.446383e-02 dt=1.060369e-21
elapsed=5.915566e+04 cycle=144000 time=5.446383e-02 dt=1.060605e-21
elapsed=5.956458e+04 cycle=145000 time=5.446383e-02 dt=1.060838e-21
elapsed=5.997351e+04 cycle=146000 time=5.446383e-02 dt=1.061066e-21
elapsed=6.038242e+04 cycle=147000 time=5.446383e-02 dt=1.061291e-21
elapsed=6.079129e+04 cycle=148000 time=5.446383e-02 dt=1.061510e-21
elapsed=6.120014e+04 cycle=149000 time=5.446383e-02 dt=1.061726e-21
elapsed=6.160899e+04 cycle=150000 time=5.446383e-02 dt=1.061937e-21
elapsed=6.201794e+04 cycle=151000 time=5.446383e-02 dt=1.062144e-21
elapsed=6.242681e+04 cycle=152000 time=5.446383e-02 dt=1.062346e-21
elapsed=6.283569e+04 cycle=153000 time=5.446383e-02 dt=1.062544e-21
elapsed=6.324456e+04 cycle=154000 time=5.446383e-02 dt=1.062738e-21
elapsed=6.365348e+04 cycle=155000 time=5.446383e-02 dt=1.062928e-21
elapsed=6.406234e+04 cycle=156000 time=5.446383e-02 dt=1.063113e-21
elapsed=6.447119e+04 cycle=157000 time=5.446383e-02 dt=1.063294e-21
elapsed=6.488003e+04 cycle=158000 time=5.446383e-02 dt=1.063471e-21
elapsed=6.528889e+04 cycle=159000 time=5.446383e-02 dt=1.063645e-21
elapsed=6.569771e+04 cycle=160000 time=5.446383e-02 dt=1.063814e-21
elapsed=6.610653e+04 cycle=161000 time=5.446383e-02 dt=1.063979e-21
elapsed=6.651534e+04 cycle=162000 time=5.446383e-02 dt=1.064141e-21
elapsed=6.692414e+04 cycle=163000 time=5.446383e-02 dt=1.064299e-21
elapsed=6.733294e+04 cycle=164000 time=5.446383e-02 dt=1.064454e-21
elapsed=6.774177e+04 cycle=165000 time=5.446383e-02 dt=1.064606e-21
elapsed=6.815056e+04 cycle=166000 time=5.446383e-02 dt=1.064754e-21
elapsed=6.855941e+04 cycle=167000 time=5.446383e-02 dt=1.064899e-21
elapsed=6.896821e+04 cycle=168000 time=5.446383e-02 dt=1.065041e-21
elapsed=6.937701e+04 cycle=169000 time=5.446383e-02 dt=1.065180e-21
elapsed=6.978582e+04 cycle=170000 time=5.446383e-02 dt=1.065316e-21
elapsed=7.019463e+04 cycle=171000 time=5.446383e-02 dt=1.065450e-21
elapsed=7.060344e+04 cycle=172000 time=5.446383e-02 dt=1.065580e-21
elapsed=7.101231e+04 cycle=173000 time=5.446383e-02 dt=1.065709e-21
elapsed=7.142114e+04 cycle=174000 time=5.446383e-02 dt=1.065834e-21
elapsed=7.182994e+04 cycle=175000 time=5.446383e-02 dt=1.065958e-21
elapsed=7.223880e+04 cycle=176000 time=5.446383e-02 dt=1.066079e-21
elapsed=7.264764e+04 cycle=177000 time=5.446383e-02 dt=1.066198e-21
elapsed=7.305647e+04 cycle=178000 time=5.446383e-02 dt=1.066314e-21
elapsed=7.346533e+04 cycle=179000 time=5.446383e-02 dt=1.066429e-21
elapsed=7.387412e+04 cycle=180000 time=5.446383e-02 dt=1.066542e-21
elapsed=7.428294e+04 cycle=181000 time=5.446383e-02 dt=1.066652e-21
elapsed=7.469176e+04 cycle=182000 time=5.446383e-02 dt=1.066761e-21
elapsed=7.510059e+04 cycle=183000 time=5.446383e-02 dt=1.066868e-21
elapsed=7.550941e+04 cycle=184000 time=5.446383e-02 dt=1.066973e-21
elapsed=7.591830e+04 cycle=185000 time=5.446383e-02 dt=1.067077e-21
elapsed=7.632718e+04 cycle=186000 time=5.446383e-02 dt=1.067179e-21
elapsed=7.673610e+04 cycle=187000 time=5.446383e-02 dt=1.067279e-21
elapsed=7.714504e+04 cycle=188000 time=5.446383e-02 dt=1.067377e-21
elapsed=7.755398e+04 cycle=189000 time=5.446383e-02 dt=1.067475e-21
elapsed=7.796294e+04 cycle=190000 time=5.446383e-02 dt=1.067570e-21
elapsed=7.837190e+04 cycle=191000 time=5.446383e-02 dt=1.067665e-21
elapsed=7.878084e+04 cycle=192000 time=5.446383e-02 dt=1.067758e-21
elapsed=7.918984e+04 cycle=193000 time=5.446383e-02 dt=1.067849e-21
elapsed=7.959884e+04 cycle=194000 time=5.446383e-02 dt=1.067939e-21
elapsed=8.000783e+04 cycle=195000 time=5.446383e-02 dt=1.068029e-21
elapsed=8.041683e+04 cycle=196000 time=5.446383e-02 dt=1.068116e-21
elapsed=8.082587e+04 cycle=197000 time=5.446383e-02 dt=1.068203e-21
elapsed=8.123497e+04 cycle=198000 time=5.446383e-02 dt=1.068289e-21
elapsed=8.164401e+04 cycle=199000 time=5.446383e-02 dt=1.068373e-21
elapsed=8.205308e+04 cycle=200000 time=5.446383e-02 dt=1.068456e-21
elapsed=8.246216e+04 cycle=201000 time=5.446383e-02 dt=1.068539e-21
elapsed=8.287132e+04 cycle=202000 time=5.446383e-02 dt=1.068620e-21
elapsed=8.328050e+04 cycle=203000 time=5.446383e-02 dt=1.068700e-21
elapsed=8.368967e+04 cycle=204000 time=5.446383e-02 dt=1.068780e-21
elapsed=8.409891e+04 cycle=205000 time=5.446383e-02 dt=1.068858e-21
elapsed=8.450826e+04 cycle=206000 time=5.446383e-02 dt=1.068936e-21
elapsed=8.491758e+04 cycle=207000 time=5.446383e-02 dt=1.069012e-21
elapsed=8.532698e+04 cycle=208000 time=5.446383e-02 dt=1.069088e-21
elapsed=8.573649e+04 cycle=209000 time=5.446383e-02 dt=1.069163e-21
elapsed=8.614620e+04 cycle=210000 time=5.446383e-02 dt=1.069237e-21
