
Root grid = 2 x 1 x 1 MeshBlocks
Total number of MeshBlocks = 16
Number of logical  levels of refinement = 2 (3 levels total)
Number of physical levels of refinement = 1 (2 levels total)
Number of parallel ranks = 16
  Rank = 0: 1 MeshBlocks, cost = 1
  Rank = 1: 1 MeshBlocks, cost = 1
  Rank = 2: 1 MeshBlocks, cost = 1
  Rank = 3: 1 MeshBlocks, cost = 1
  Rank = 4: 1 MeshBlocks, cost = 1
  Rank = 5: 1 MeshBlocks, cost = 1
  Rank = 6: 1 MeshBlocks, cost = 1
  Rank = 7: 1 MeshBlocks, cost = 1
  Rank = 8: 1 MeshBlocks, cost = 1
  Rank = 9: 1 MeshBlocks, cost = 1
  Rank = 10: 1 MeshBlocks, cost = 1
  Rank = 11: 1 MeshBlocks, cost = 1
  Rank = 12: 1 MeshBlocks, cost = 1
  Rank = 13: 1 MeshBlocks, cost = 1
  Rank = 14: 1 MeshBlocks, cost = 1
  Rank = 15: 1 MeshBlocks, cost = 1
Load Balancing:
  Maximum normalized cost = 1, Average = 1

Setup complete, executing task list(s)...

elapsed=3.366024e+00 cycle=0 time=0.000000e+00 dt=1.759580e-03
elapsed=5.319488e+02 cycle=1000 time=1.616796e+00 dt=2.243670e-03
elapsed=1.031229e+03 cycle=2000 time=3.263495e+00 dt=1.339596e-03
elapsed=1.558802e+03 cycle=3000 time=5.001897e+00 dt=1.495289e-03
elapsed=2.056000e+03 cycle=4000 time=6.707985e+00 dt=1.554446e-03
elapsed=2.587443e+03 cycle=5000 time=8.388373e+00 dt=1.554396e-03

Terminating on time limit
time=1.000000e+01 cycle=5960
tlim=1.000000e+01 nlim=-1

MeshBlock-cycles = 95360
cpu time used  = 3.065225e+03
zone-cycles/cpu_second = 8.155374e+06
particle-updates/cpu_second = 0.000000e+00
