
Root grid = 4 x 2 x 2 MeshBlocks
Total number of MeshBlocks = 128
Number of logical  levels of refinement = 3 (4 levels total)
Number of physical levels of refinement = 1 (2 levels total)
Number of parallel ranks = 16
  Rank = 0: 8 MeshBlocks, cost = 8
  Rank = 1: 8 MeshBlocks, cost = 8
  Rank = 2: 8 MeshBlocks, cost = 8
  Rank = 3: 8 MeshBlocks, cost = 8
  Rank = 4: 8 MeshBlocks, cost = 8
  Rank = 5: 8 MeshBlocks, cost = 8
  Rank = 6: 8 MeshBlocks, cost = 8
  Rank = 7: 8 MeshBlocks, cost = 8
  Rank = 8: 8 MeshBlocks, cost = 8
  Rank = 9: 8 MeshBlocks, cost = 8
  Rank = 10: 8 MeshBlocks, cost = 8
  Rank = 11: 8 MeshBlocks, cost = 8
  Rank = 12: 8 MeshBlocks, cost = 8
  Rank = 13: 8 MeshBlocks, cost = 8
  Rank = 14: 8 MeshBlocks, cost = 8
  Rank = 15: 8 MeshBlocks, cost = 8
Load Balancing:
  Maximum normalized cost = 1, Average = 1

Setup complete, executing task list(s)...

elapsed=2.230277e+01 cycle=0 time=0.000000e+00 dt=6.746250e-03
elapsed=4.991814e+03 cycle=1000 time=5.997942e+00 dt=4.936173e-03

Terminating on time limit
time=1.000000e+01 cycle=1768
tlim=1.000000e+01 nlim=-1

MeshBlock-cycles = 226304
cpu time used  = 8.859993e+03
zone-cycles/cpu_second = 6.695743e+06
particle-updates/cpu_second = 0.000000e+00
