
Root grid = 2 x 1 x 1 MeshBlocks
Total number of MeshBlocks = 16
Number of logical  levels of refinement = 2 (3 levels total)
Number of physical levels of refinement = 1 (2 levels total)
Number of parallel ranks = 16
  Rank = 0: 1 MeshBlocks, cost = 1
  Rank = 1: 1 MeshBlocks, cost = 1
  Rank = 2: 1 MeshBlocks, cost = 1
  Rank = 3: 1 MeshBlocks, cost = 1
  Rank = 4: 1 MeshBlocks, cost = 1
  Rank = 5: 1 MeshBlocks, cost = 1
  Rank = 6: 1 MeshBlocks, cost = 1
  Rank = 7: 1 MeshBlocks, cost = 1
  Rank = 8: 1 MeshBlocks, cost = 1
  Rank = 9: 1 MeshBlocks, cost = 1
  Rank = 10: 1 MeshBlocks, cost = 1
  Rank = 11: 1 MeshBlocks, cost = 1
  Rank = 12: 1 MeshBlocks, cost = 1
  Rank = 13: 1 MeshBlocks, cost = 1
  Rank = 14: 1 MeshBlocks, cost = 1
  Rank = 15: 1 MeshBlocks, cost = 1
Load Balancing:
  Maximum normalized cost = 1, Average = 1

Setup complete, executing task list(s)...

elapsed=3.576800e+00 cycle=0 time=0.000000e+00 dt=1.349250e-02
elapsed=4.620955e+02 cycle=1000 time=1.208964e+01 dt=1.177512e-02
elapsed=9.269506e+02 cycle=2000 time=2.387590e+01 dt=1.157593e-02
elapsed=1.396333e+03 cycle=3000 time=3.616772e+01 dt=1.259916e-02
elapsed=1.866918e+03 cycle=4000 time=4.868885e+01 dt=1.259140e-02
elapsed=2.341457e+03 cycle=5000 time=6.131767e+01 dt=1.255380e-02
elapsed=2.815782e+03 cycle=6000 time=7.381503e+01 dt=1.256963e-02
elapsed=3.292667e+03 cycle=7000 time=8.634663e+01 dt=1.264372e-02
elapsed=3.773911e+03 cycle=8000 time=9.895469e+01 dt=1.261867e-02

Terminating on time limit
time=1.000000e+02 cycle=8083
tlim=1.000000e+02 nlim=-1

MeshBlock-cycles = 129328
cpu time used  = 3.813099e+03
zone-cycles/cpu_second = 8.891077e+06
particle-updates/cpu_second = 0.000000e+00
