
Root grid = 2 x 1 x 1 MeshBlocks
Total number of MeshBlocks = 16
Number of logical  levels of refinement = 2 (3 levels total)
Number of physical levels of refinement = 1 (2 levels total)
Number of parallel ranks = 16
  Rank = 0: 1 MeshBlocks, cost = 1
  Rank = 1: 1 MeshBlocks, cost = 1
  Rank = 2: 1 MeshBlocks, cost = 1
  Rank = 3: 1 MeshBlocks, cost = 1
  Rank = 4: 1 MeshBlocks, cost = 1
  Rank = 5: 1 MeshBlocks, cost = 1
  Rank = 6: 1 MeshBlocks, cost = 1
  Rank = 7: 1 MeshBlocks, cost = 1
  Rank = 8: 1 MeshBlocks, cost = 1
  Rank = 9: 1 MeshBlocks, cost = 1
  Rank = 10: 1 MeshBlocks, cost = 1
  Rank = 11: 1 MeshBlocks, cost = 1
  Rank = 12: 1 MeshBlocks, cost = 1
  Rank = 13: 1 MeshBlocks, cost = 1
  Rank = 14: 1 MeshBlocks, cost = 1
  Rank = 15: 1 MeshBlocks, cost = 1
Load Balancing:
  Maximum normalized cost = 1, Average = 1

Setup complete, executing task list(s)...

elapsed=2.802851e+00 cycle=0 time=0.000000e+00 dt=1.349250e-02
elapsed=4.608467e+02 cycle=1000 time=1.147803e+01 dt=1.089523e-02
elapsed=9.308802e+02 cycle=2000 time=2.187042e+01 dt=9.789628e-03
elapsed=1.441171e+03 cycle=3000 time=3.225098e+01 dt=1.050078e-02
elapsed=1.948406e+03 cycle=4000 time=4.292222e+01 dt=1.222553e-02
elapsed=2.420089e+03 cycle=5000 time=5.488534e+01 dt=1.191263e-02
elapsed=2.922253e+03 cycle=6000 time=6.686357e+01 dt=1.225237e-02
elapsed=3.425833e+03 cycle=7000 time=7.878463e+01 dt=1.196647e-02
elapsed=3.902095e+03 cycle=8000 time=9.113687e+01 dt=1.253450e-02

Terminating on time limit
time=1.000000e+02 cycle=8706
tlim=1.000000e+02 nlim=-1

MeshBlock-cycles = 139296
cpu time used  = 4.263148e+03
zone-cycles/cpu_second = 8.565410e+06
particle-updates/cpu_second = 0.000000e+00
