
Root grid = 2 x 1 x 1 MeshBlocks
Total number of MeshBlocks = 16
Number of logical  levels of refinement = 2 (3 levels total)
Number of physical levels of refinement = 1 (2 levels total)
Number of parallel ranks = 16
  Rank = 0: 1 MeshBlocks, cost = 1
  Rank = 1: 1 MeshBlocks, cost = 1
  Rank = 2: 1 MeshBlocks, cost = 1
  Rank = 3: 1 MeshBlocks, cost = 1
  Rank = 4: 1 MeshBlocks, cost = 1
  Rank = 5: 1 MeshBlocks, cost = 1
  Rank = 6: 1 MeshBlocks, cost = 1
  Rank = 7: 1 MeshBlocks, cost = 1
  Rank = 8: 1 MeshBlocks, cost = 1
  Rank = 9: 1 MeshBlocks, cost = 1
  Rank = 10: 1 MeshBlocks, cost = 1
  Rank = 11: 1 MeshBlocks, cost = 1
  Rank = 12: 1 MeshBlocks, cost = 1
  Rank = 13: 1 MeshBlocks, cost = 1
  Rank = 14: 1 MeshBlocks, cost = 1
  Rank = 15: 1 MeshBlocks, cost = 1
Load Balancing:
  Maximum normalized cost = 1, Average = 1

Setup complete, executing task list(s)...

elapsed=3.403812e+00 cycle=0 time=0.000000e+00 dt=1.349250e-02
elapsed=4.691028e+02 cycle=1000 time=1.186827e+01 dt=1.117760e-02
elapsed=9.465334e+02 cycle=2000 time=2.237802e+01 dt=1.025009e-02
elapsed=1.465811e+03 cycle=3000 time=3.287019e+01 dt=1.050199e-02
elapsed=1.988044e+03 cycle=4000 time=4.337188e+01 dt=1.109964e-02
elapsed=2.475727e+03 cycle=5000 time=5.517547e+01 dt=1.209465e-02
elapsed=2.954369e+03 cycle=6000 time=6.688825e+01 dt=1.132946e-02
elapsed=3.434095e+03 cycle=7000 time=7.797834e+01 dt=1.045276e-02
elapsed=3.915631e+03 cycle=8000 time=8.889504e+01 dt=1.111545e-02

Terminating on time limit
time=1.000000e+02 cycle=8998
tlim=1.000000e+02 nlim=-1

MeshBlock-cycles = 143968
cpu time used  = 4.455585e+03
zone-cycles/cpu_second = 8.470345e+06
particle-updates/cpu_second = 0.000000e+00
