
Root grid = 2 x 1 x 1 MeshBlocks
Total number of MeshBlocks = 16
Number of logical  levels of refinement = 2 (3 levels total)
Number of physical levels of refinement = 1 (2 levels total)
Number of parallel ranks = 16
  Rank = 0: 1 MeshBlocks, cost = 1
  Rank = 1: 1 MeshBlocks, cost = 1
  Rank = 2: 1 MeshBlocks, cost = 1
  Rank = 3: 1 MeshBlocks, cost = 1
  Rank = 4: 1 MeshBlocks, cost = 1
  Rank = 5: 1 MeshBlocks, cost = 1
  Rank = 6: 1 MeshBlocks, cost = 1
  Rank = 7: 1 MeshBlocks, cost = 1
  Rank = 8: 1 MeshBlocks, cost = 1
  Rank = 9: 1 MeshBlocks, cost = 1
  Rank = 10: 1 MeshBlocks, cost = 1
  Rank = 11: 1 MeshBlocks, cost = 1
  Rank = 12: 1 MeshBlocks, cost = 1
  Rank = 13: 1 MeshBlocks, cost = 1
  Rank = 14: 1 MeshBlocks, cost = 1
  Rank = 15: 1 MeshBlocks, cost = 1
Load Balancing:
  Maximum normalized cost = 1, Average = 1

Setup complete, executing task list(s)...

elapsed=3.321079e+01 cycle=0 time=0.000000e+00 dt=1.349250e-02
elapsed=4.901066e+02 cycle=1000 time=1.570583e+00 dt=1.161745e-03
elapsed=9.456791e+02 cycle=2000 time=3.122929e+00 dt=2.021980e-03
elapsed=1.402157e+03 cycle=3000 time=5.472411e+00 dt=2.555947e-03
elapsed=1.859840e+03 cycle=4000 time=7.496676e+00 dt=1.576829e-03
elapsed=2.316440e+03 cycle=5000 time=9.907377e+00 dt=2.814165e-03

Terminating on time limit
time=1.000000e+01 cycle=5033
tlim=1.000000e+01 nlim=-1

MeshBlock-cycles = 80528
cpu time used  = 2.331081e+03
zone-cycles/cpu_second = 9.055857e+06
particle-updates/cpu_second = 0.000000e+00
