
Root grid = 2 x 1 x 1 MeshBlocks
Total number of MeshBlocks = 16
Number of logical  levels of refinement = 2 (3 levels total)
Number of physical levels of refinement = 1 (2 levels total)
Number of parallel ranks = 16
  Rank = 0: 1 MeshBlocks, cost = 1
  Rank = 1: 1 MeshBlocks, cost = 1
  Rank = 2: 1 MeshBlocks, cost = 1
  Rank = 3: 1 MeshBlocks, cost = 1
  Rank = 4: 1 MeshBlocks, cost = 1
  Rank = 5: 1 MeshBlocks, cost = 1
  Rank = 6: 1 MeshBlocks, cost = 1
  Rank = 7: 1 MeshBlocks, cost = 1
  Rank = 8: 1 MeshBlocks, cost = 1
  Rank = 9: 1 MeshBlocks, cost = 1
  Rank = 10: 1 MeshBlocks, cost = 1
  Rank = 11: 1 MeshBlocks, cost = 1
  Rank = 12: 1 MeshBlocks, cost = 1
  Rank = 13: 1 MeshBlocks, cost = 1
  Rank = 14: 1 MeshBlocks, cost = 1
  Rank = 15: 1 MeshBlocks, cost = 1
Load Balancing:
  Maximum normalized cost = 1, Average = 1

Setup complete, executing task list(s)...

elapsed=3.201323e+00 cycle=0 time=0.000000e+00 dt=1.349250e-02
elapsed=4.637642e+02 cycle=1000 time=1.035995e+00 dt=1.020158e-03
elapsed=9.191285e+02 cycle=2000 time=2.092089e+00 dt=7.225544e-04
elapsed=1.372729e+03 cycle=3000 time=3.085241e+00 dt=1.137764e-03
elapsed=1.824381e+03 cycle=4000 time=4.077470e+00 dt=8.981551e-04
elapsed=2.271241e+03 cycle=5000 time=4.948833e+00 dt=8.871302e-04
elapsed=2.720605e+03 cycle=6000 time=5.815064e+00 dt=8.730247e-04
elapsed=3.172485e+03 cycle=7000 time=6.671889e+00 dt=8.404501e-04
elapsed=3.657476e+03 cycle=8000 time=7.496650e+00 dt=8.851198e-04
elapsed=4.109836e+03 cycle=9000 time=8.303470e+00 dt=6.156646e-04
elapsed=4.563191e+03 cycle=10000 time=9.047281e+00 dt=7.740157e-04

Terminating on time limit
time=1.000000e+01 cycle=10822
tlim=1.000000e+01 nlim=-1

MeshBlock-cycles = 173152
cpu time used  = 4.964883e+03
zone-cycles/cpu_second = 9.142361e+06
particle-updates/cpu_second = 0.000000e+00
